Archive member included to satisfy reference by file (symbol)

/home/prapor/AVR/avr-gcc-11.1.0-x64-linux/bin/../lib/gcc/avr/11.1.0/avr5/libgcc.a(_udivmodhi4.o)
                              obj/Release/GSM.o (__udivmodhi4)
/home/prapor/AVR/avr-gcc-11.1.0-x64-linux/bin/../lib/gcc/avr/11.1.0/avr5/libgcc.a(_divmodhi4.o)
                              obj/Release/18b20.o (__divmodhi4)
/home/prapor/AVR/avr-gcc-11.1.0-x64-linux/bin/../lib/gcc/avr/11.1.0/avr5/libgcc.a(_udivmodsi4.o)
                              obj/Release/app.o (__udivmodsi4)
/home/prapor/AVR/avr-gcc-11.1.0-x64-linux/bin/../lib/gcc/avr/11.1.0/avr5/libgcc.a(_divmodsi4.o)
                              obj/Release/app.o (__divmodsi4)
/home/prapor/AVR/avr-gcc-11.1.0-x64-linux/bin/../lib/gcc/avr/11.1.0/avr5/libgcc.a(_negsi2.o)
                              /home/prapor/AVR/avr-gcc-11.1.0-x64-linux/bin/../lib/gcc/avr/11.1.0/avr5/libgcc.a(_divmodsi4.o) (__negsi2)
/home/prapor/AVR/avr-gcc-11.1.0-x64-linux/bin/../lib/gcc/avr/11.1.0/avr5/libgcc.a(_exit.o)
                              /home/prapor/AVR/avr-gcc-11.1.0-x64-linux/bin/../lib/gcc/avr/11.1.0/../../../../avr/lib/avr5/crtatmega328p.o (exit)
/home/prapor/AVR/avr-gcc-11.1.0-x64-linux/bin/../lib/gcc/avr/11.1.0/avr5/libgcc.a(_tablejump2.o)
                              obj/Release/app.o (__tablejump2__)
/home/prapor/AVR/avr-gcc-11.1.0-x64-linux/bin/../lib/gcc/avr/11.1.0/avr5/libgcc.a(_copy_data.o)
                              obj/Release/app.o (__do_copy_data)
/home/prapor/AVR/avr-gcc-11.1.0-x64-linux/bin/../lib/gcc/avr/11.1.0/avr5/libgcc.a(_clear_bss.o)
                              obj/Release/app.o (__do_clear_bss)
/home/prapor/AVR/avr-gcc-11.1.0-x64-linux/bin/../lib/gcc/avr/11.1.0/../../../../avr/lib/avr5/libm.a(fixsfsi.o)
                              obj/Release/ds18b20.o (__fixsfsi)
/home/prapor/AVR/avr-gcc-11.1.0-x64-linux/bin/../lib/gcc/avr/11.1.0/../../../../avr/lib/avr5/libm.a(fixunssfsi.o)
                              /home/prapor/AVR/avr-gcc-11.1.0-x64-linux/bin/../lib/gcc/avr/11.1.0/../../../../avr/lib/avr5/libm.a(fixsfsi.o) (__fixunssfsi)
/home/prapor/AVR/avr-gcc-11.1.0-x64-linux/bin/../lib/gcc/avr/11.1.0/../../../../avr/lib/avr5/libm.a(floatsisf.o)
                              obj/Release/ds18b20.o (__floatsisf)
/home/prapor/AVR/avr-gcc-11.1.0-x64-linux/bin/../lib/gcc/avr/11.1.0/../../../../avr/lib/avr5/libm.a(fp_split3.o)
                              /home/prapor/AVR/avr-gcc-11.1.0-x64-linux/bin/../lib/gcc/avr/11.1.0/../../../../avr/lib/avr5/libm.a(fixunssfsi.o) (__fp_splitA)
/home/prapor/AVR/avr-gcc-11.1.0-x64-linux/bin/../lib/gcc/avr/11.1.0/../../../../avr/lib/avr5/libm.a(fp_zero.o)
                              /home/prapor/AVR/avr-gcc-11.1.0-x64-linux/bin/../lib/gcc/avr/11.1.0/../../../../avr/lib/avr5/libm.a(fixunssfsi.o) (__fp_zero)
/home/prapor/AVR/avr-gcc-11.1.0-x64-linux/bin/../lib/gcc/avr/11.1.0/../../../../avr/lib/avr5/libm.a(mulsf3.o)
                              obj/Release/ds18b20.o (__mulsf3)
/home/prapor/AVR/avr-gcc-11.1.0-x64-linux/bin/../lib/gcc/avr/11.1.0/../../../../avr/lib/avr5/libm.a(mulsf3x.o)
                              /home/prapor/AVR/avr-gcc-11.1.0-x64-linux/bin/../lib/gcc/avr/11.1.0/../../../../avr/lib/avr5/libm.a(mulsf3.o) (__mulsf3x)
/home/prapor/AVR/avr-gcc-11.1.0-x64-linux/bin/../lib/gcc/avr/11.1.0/../../../../avr/lib/avr5/libm.a(fp_inf.o)
                              /home/prapor/AVR/avr-gcc-11.1.0-x64-linux/bin/../lib/gcc/avr/11.1.0/../../../../avr/lib/avr5/libm.a(mulsf3x.o) (__fp_inf)
/home/prapor/AVR/avr-gcc-11.1.0-x64-linux/bin/../lib/gcc/avr/11.1.0/../../../../avr/lib/avr5/libm.a(fp_nan.o)
                              /home/prapor/AVR/avr-gcc-11.1.0-x64-linux/bin/../lib/gcc/avr/11.1.0/../../../../avr/lib/avr5/libm.a(mulsf3x.o) (__fp_nan)
/home/prapor/AVR/avr-gcc-11.1.0-x64-linux/bin/../lib/gcc/avr/11.1.0/../../../../avr/lib/avr5/libm.a(fp_pscA.o)
                              /home/prapor/AVR/avr-gcc-11.1.0-x64-linux/bin/../lib/gcc/avr/11.1.0/../../../../avr/lib/avr5/libm.a(mulsf3x.o) (__fp_pscA)
/home/prapor/AVR/avr-gcc-11.1.0-x64-linux/bin/../lib/gcc/avr/11.1.0/../../../../avr/lib/avr5/libm.a(fp_pscB.o)
                              /home/prapor/AVR/avr-gcc-11.1.0-x64-linux/bin/../lib/gcc/avr/11.1.0/../../../../avr/lib/avr5/libm.a(mulsf3x.o) (__fp_pscB)
/home/prapor/AVR/avr-gcc-11.1.0-x64-linux/bin/../lib/gcc/avr/11.1.0/../../../../avr/lib/avr5/libm.a(fp_round.o)
                              /home/prapor/AVR/avr-gcc-11.1.0-x64-linux/bin/../lib/gcc/avr/11.1.0/../../../../avr/lib/avr5/libm.a(mulsf3.o) (__fp_round)
/home/prapor/AVR/avr-gcc-11.1.0-x64-linux/bin/../lib/gcc/avr/11.1.0/../../../../avr/lib/avr5/libc.a(malloc.o)
                              obj/Release/app.o (__brkval)
/home/prapor/AVR/avr-gcc-11.1.0-x64-linux/bin/../lib/gcc/avr/11.1.0/../../../../avr/lib/avr5/libc.a(strtoul.o)
                              obj/Release/GSM.o (strtoul)
[...]
Memory Configuration

Name             Origin             Length             Attributes
text             0x0000000000000000 0x0000000000020000 xr
data             0x0000000000800060 0x000000000000ffa0 rw !x
eeprom           0x0000000000810000 0x0000000000010000 rw !x
fuse             0x0000000000820000 0x0000000000000003 rw !x
lock             0x0000000000830000 0x0000000000000400 rw !x
signature        0x0000000000840000 0x0000000000000400 rw !x
user_signatures  0x0000000000850000 0x0000000000000400 rw !x
*default*        0x0000000000000000 0xffffffffffffffff

Linker script and memory map

Address of section .data set to 0x800100
LOAD /home/prapor/AVR/avr-gcc-11.1.0-x64-linux/bin/../lib/gcc/avr/11.1.0/../../../../avr/lib/avr5/crtatmega328p.o
LOAD obj/Release/18b20.o
LOAD obj/Release/app.o
LOAD obj/Release/ds18b20.o
LOAD obj/Release/eeprom.o
LOAD obj/Release/GSM.o
LOAD obj/Release/main.o
LOAD obj/Release/port.o
LOAD obj/Release/sms_parse.o
LOAD obj/Release/softuart.o
LOAD obj/Release/timer.o
LOAD obj/Release/UART.o
START GROUP
LOAD /home/prapor/AVR/avr-gcc-11.1.0-x64-linux/bin/../lib/gcc/avr/11.1.0/avr5/libgcc.a
LOAD /home/prapor/AVR/avr-gcc-11.1.0-x64-linux/bin/../lib/gcc/avr/11.1.0/../../../../avr/lib/avr5/libm.a
LOAD /home/prapor/AVR/avr-gcc-11.1.0-x64-linux/bin/../lib/gcc/avr/11.1.0/../../../../avr/lib/avr5/libc.a
LOAD /home/prapor/AVR/avr-gcc-11.1.0-x64-linux/bin/../lib/gcc/avr/11.1.0/../../../../avr/lib/avr5/libatmega328p.a
END GROUP
                0x0000000000020000                __TEXT_REGION_LENGTH__ = DEFINED (__TEXT_REGION_LENGTH__)?__TEXT_REGION_LENGTH__:0x20000
                0x000000000000ffa0                __DATA_REGION_LENGTH__ = DEFINED (__DATA_REGION_LENGTH__)?__DATA_REGION_LENGTH__:0xffa0
                0x0000000000010000                __EEPROM_REGION_LENGTH__ = DEFINED (__EEPROM_REGION_LENGTH__)?__EEPROM_REGION_LENGTH__:0x10000
                [0x0000000000000003]                __FUSE_REGION_LENGTH__ = DEFINED (__FUSE_REGION_LENGTH__)?__FUSE_REGION_LENGTH__:0x400
                0x0000000000000400                __LOCK_REGION_LENGTH__ = DEFINED (__LOCK_REGION_LENGTH__)?__LOCK_REGION_LENGTH__:0x400
                0x0000000000000400                __SIGNATURE_REGION_LENGTH__ = DEFINED (__SIGNATURE_REGION_LENGTH__)?__SIGNATURE_REGION_LENGTH__:0x400
                0x0000000000000400                __USER_SIGNATURE_REGION_LENGTH__ = DEFINED (__USER_SIGNATURE_REGION_LENGTH__)?__USER_SIGNATURE_REGION_LENGTH__:0x400

.hash
 *(.hash)

.dynsym
 *(.dynsym)

.dynstr
 *(.dynstr)

.gnu.version
 *(.gnu.version)

.gnu.version_d
 *(.gnu.version_d)

.gnu.version_r
 *(.gnu.version_r)

.rel.init
 *(.rel.init)

.rela.init
 *(.rela.init)

.rel.text
 *(.rel.text)
 *(.rel.text.*)
 *(.rel.gnu.linkonce.t*)

.rela.text
 *(.rela.text)
 *(.rela.text.*)
 *(.rela.gnu.linkonce.t*)

.rel.fini
 *(.rel.fini)

.rela.fini
 *(.rela.fini)

.rel.rodata
 *(.rel.rodata)
 *(.rel.rodata.*)
 *(.rel.gnu.linkonce.r*)

.rela.rodata
 *(.rela.rodata)
 *(.rela.rodata.*)
 *(.rela.gnu.linkonce.r*)

.rel.data
 *(.rel.data)
 *(.rel.data.*)
 *(.rel.gnu.linkonce.d*)

.rela.data
 *(.rela.data)
 *(.rela.data.*)
 *(.rela.gnu.linkonce.d*)

.rel.ctors
 *(.rel.ctors)

.rela.ctors
 *(.rela.ctors)

.rel.dtors
 *(.rel.dtors)

.rela.dtors
 *(.rela.dtors)

.rel.got
 *(.rel.got)

.rela.got
 *(.rela.got)

.rel.bss
 *(.rel.bss)

.rela.bss
 *(.rela.bss)

.rel.plt
 *(.rel.plt)

.rela.plt
 *(.rela.plt)

.text           0x0000000000000000     0x5ce0
 *(.vectors)
 .vectors       0x0000000000000000       0x68 /home/prapor/AVR/avr-gcc-11.1.0-x64-linux/bin/../lib/gcc/avr/11.1.0/../../../../avr/lib/avr5/crtatmega328p.o
                0x0000000000000000                __vectors
                0x0000000000000000                __vector_default
 *(.vectors)
 *(.progmem.gcc*)
                0x0000000000000068                . = ALIGN (0x2)
                0x0000000000000068                __trampolines_start = .
 *(.trampolines)
 .trampolines   0x0000000000000068        0x0 linker stubs
 *(.trampolines*)
                0x0000000000000068                __trampolines_end = .
 *libprintf_flt.a:*(.progmem.data)
 *libc.a:*(.progmem.data)
 *(.progmem.*)
 .progmem.data  0x0000000000000068      0x2ad obj/Release/app.o
 .progmem.data  0x0000000000000315       0x3a obj/Release/ds18b20.o
 .progmem.data  0x000000000000034f       0x11 obj/Release/eeprom.o
 .progmem.data  0x0000000000000360      0x272 obj/Release/GSM.o
 .progmem.data  0x00000000000005d2       0x1a obj/Release/main.o
 .progmem.data  0x00000000000005ec      0x47c obj/Release/sms_parse.o
                0x0000000000000a68                . = ALIGN (0x2)
 *(.lowtext)
 *(.lowtext*)
                0x0000000000000a68                __ctors_start = .
 *(.ctors)
                0x0000000000000a68                __ctors_end = .
                0x0000000000000a68                __dtors_start = .
 *(.dtors)
                0x0000000000000a68                __dtors_end = .
 SORT_BY_NAME(*)(.ctors)
 SORT_BY_NAME(*)(.dtors)
 *(.init0)
 .init0         0x0000000000000a68        0x0 /home/prapor/AVR/avr-gcc-11.1.0-x64-linux/bin/../lib/gcc/avr/11.1.0/../../../../avr/lib/avr5/crtatmega328p.o
                0x0000000000000a68                __init
 *(.init0)
 *(.init1)
 *(.init1)
 *(.init2)
 .init2         0x0000000000000a68        0xc /home/prapor/AVR/avr-gcc-11.1.0-x64-linux/bin/../lib/gcc/avr/11.1.0/../../../../avr/lib/avr5/crtatmega328p.o
 *(.init2)
 *(.init3)
 *(.init3)
 *(.init4)
 .init4         0x0000000000000a74       0x16 /home/prapor/AVR/avr-gcc-11.1.0-x64-linux/bin/../lib/gcc/avr/11.1.0/avr5/libgcc.a(_copy_data.o)
                0x0000000000000a74                __do_copy_data
 .init4         0x0000000000000a8a       0x10 /home/prapor/AVR/avr-gcc-11.1.0-x64-linux/bin/../lib/gcc/avr/11.1.0/avr5/libgcc.a(_clear_bss.o)
                0x0000000000000a8a                __do_clear_bss
 *(.init4)
 *(.init5)
 *(.init5)
 *(.init6)
 *(.init6)
 *(.init7)
 *(.init7)
 *(.init8)
 *(.init8)
 *(.init9)
 .init9         0x0000000000000a9a        0x8 /home/prapor/AVR/avr-gcc-11.1.0-x64-linux/bin/../lib/gcc/avr/11.1.0/../../../../avr/lib/avr5/crtatmega328p.o
 *(.init9)
 *(.text)
 .text          0x0000000000000aa2        0x4 /home/prapor/AVR/avr-gcc-11.1.0-x64-linux/bin/../lib/gcc/avr/11.1.0/../../../../avr/lib/avr5/crtatmega328p.o
                0x0000000000000aa2                __vector_22
                0x0000000000000aa2                __vector_1
                0x0000000000000aa2                __vector_24
                0x0000000000000aa2                __vector_12
                0x0000000000000aa2                __bad_interrupt
                0x0000000000000aa2                __vector_6
                0x0000000000000aa2                __vector_3
                0x0000000000000aa2                __vector_23
                0x0000000000000aa2                __vector_25
                0x0000000000000aa2                __vector_13
                0x0000000000000aa2                __vector_17
                0x0000000000000aa2                __vector_19
                0x0000000000000aa2                __vector_5
                0x0000000000000aa2                __vector_4
                0x0000000000000aa2                __vector_9
                0x0000000000000aa2                __vector_2
                0x0000000000000aa2                __vector_15
                0x0000000000000aa2                __vector_8
                0x0000000000000aa2                __vector_14
                0x0000000000000aa2                __vector_10
                0x0000000000000aa2                __vector_16
                0x0000000000000aa2                __vector_20
 .text          0x0000000000000aa6      0x118 obj/Release/18b20.o
                0x0000000000000aa6                owire_init
                0x0000000000000ade                owire_write
                0x0000000000000b16                owire_read_bit
                0x0000000000000b3a                owire_read
                0x0000000000000b6c                get_18x20_temperature
 .text          0x0000000000000bbe      0xd1c obj/Release/app.o
                0x0000000000000bbe                check_guard
                0x0000000000000f7a                set_flag_alarm
                0x0000000000000f80                get_flag_alarm
                0x0000000000000f8c                get_time_without_power_s
                0x0000000000000fba                init_internal_temperature
                0x0000000000000fd6                analog_read
                0x0000000000001144                debug_report
                0x000000000000131e                power_control
                0x0000000000001568                send_sms_report
                0x00000000000016e8                check_temperature_smoke
                0x00000000000017e2                charge_bat
                0x00000000000017fc                __vector_21
                0x00000000000017fe                check_power
                0x0000000000001832                rst_default
                0x000000000000187a                print_ram_free
 .text          0x00000000000018da      0x58e obj/Release/ds18b20.o
                0x0000000000001a8c                init_ds18x20
                0x0000000000001bcc                get_temperature
 .text          0x0000000000001e68      0x1fc obj/Release/eeprom.o
                0x0000000000001e68                EEPROM_write
                0x0000000000001e84                EEPROM_read
                0x0000000000001e94                EEPROM_write_buf
                0x0000000000001ed0                EEPROM_read_buf
                0x0000000000001f0c                eeprom_save_config
                0x0000000000001f30                eeprom_read_config
                0x0000000000001f9e                EEPROM_update
                0x0000000000001fae                set_accept_calls
                0x0000000000001fb4                get_accept_calls
                0x0000000000001fba                set_accept_sms
                0x0000000000001fc0                get_accept_sms
                0x0000000000001fc6                get_power_report
                0x0000000000001fcc                set_power_report
                0x0000000000001fd2                get_guard
                0x0000000000001fd8                set_guard
                0x0000000000001fde                set_report_on_guard
                0x0000000000001fe4                get_report_on_guard
                0x0000000000001fea                set_first_m
                0x0000000000001ff0                get_first_m
                0x0000000000001ff6                set_autoguard
                0x0000000000001ffc                get_autoguard
                0x0000000000002002                set_interval_after_button_m
                0x0000000000002008                get_interval_after_button_m
                0x000000000000200e                set_reset_count_mcu
                0x0000000000002014                get_reset_count_mcu
                0x000000000000201a                inc_reset_count_mcu
                0x0000000000002026                get_phones
                0x0000000000002034                set_first_usage
                0x000000000000203a                get_first_usage
                0x0000000000002040                set_admin_mode
                0x0000000000002046                get_admin_mode
                0x000000000000204c                get_pause_alarm_report_s
                0x0000000000002052                set_pause_alarm_report_s
                0x0000000000002058                set_ext_temp
                0x000000000000205e                get_ext_temp
 .text          0x0000000000002064     0x15da obj/Release/GSM.o
                0x00000000000021a2                map_s
                0x00000000000021d4                get_message_from_mdm
                0x00000000000022fe                mdm_get_signal_strength
                0x00000000000027d4                send_sms_p
                0x0000000000002892                call_to
                0x0000000000002a74                alarm_play_file
                0x0000000000002ac4                send_sms_admins
                0x0000000000002b18                send_sms
                0x0000000000002bd6                check_phone_string
                0x0000000000002c08                send_unsent_sms
                0x0000000000002dc0                delete_all_sms
                0x0000000000002de0                get_sms
                0x0000000000002fdc                incoming_call_processing
                0x00000000000030b6                setup_init
                0x0000000000003210                reset_mcu
                0x000000000000324e                check_registration
                0x00000000000032fc                send_USSD
                0x0000000000003576                check_deposit
                0x000000000000360a                led_gsm
                0x0000000000003632                get_phone_number
                0x0000000000003638                get_arr_dep
 .text          0x000000000000363e        0x0 obj/Release/main.o
 .text          0x000000000000363e      0x28e obj/Release/port.o
                0x000000000000363e                port_init
                0x0000000000003674                led_management
                0x00000000000036ce                check_single_sensor
                0x000000000000370e                get_single_motion_detected
                0x0000000000003714                is_btn_rst_pressed
                0x0000000000003720                check_button
                0x00000000000037fa                check_door_sensor
                0x000000000000383a                get_flag_open_door
                0x0000000000003840                check_ext_mot_sensor
                0x0000000000003880                get_flag_ext_mot_sens_detected
                0x0000000000003886                check_smoke_sensor
                0x00000000000038c6                get_flag_smoke_sensor
 .text          0x00000000000038cc      0x9fc obj/Release/sms_parse.o
                0x000000000000399e                find_phone_in_phone_list
                0x00000000000039fe                process_sms_body
                0x00000000000042b0                set_my_phone
 .text          0x00000000000042c8      0x128 obj/Release/softuart.o
                0x00000000000042c8                __vector_7
                0x0000000000004332                softuart_init
                0x0000000000004360                softuart_transmit_busy
                0x000000000000436e                softuart_putchar
                0x0000000000004398                softuart_puts
                0x00000000000043b0                softuart_puts_ln
                0x00000000000043ce                softuart_puts_p
 .text          0x00000000000043f0      0x4f4 obj/Release/timer.o
                0x00000000000043f0                timer1_init
                0x0000000000004428                buzzer_non_block
                0x000000000000443e                buzzer_stop
                0x000000000000444e                beep_non_block
                0x0000000000004464                __vector_11
                0x000000000000467a                get_time_ms
                0x00000000000046ba                get_time_s
                0x00000000000046fa                get_time_m
                0x000000000000473a                reset_soft_wdt
                0x000000000000474a                delay_ms
                0x00000000000047a6                delay_s
                0x0000000000004802                delay_us
                0x0000000000004826                set_time_from_motion_s
                0x0000000000004844                get_time_from_motion_s
                0x0000000000004884                get_time_from_start_s
                0x00000000000048c4                set_time_from_button_s
                0x00000000000048d4                get_time_from_button_s
 .text          0x00000000000048e4      0x16a obj/Release/UART.o
                0x00000000000048e4                init_uart
                0x0000000000004904                __vector_18
                0x0000000000004946                get_byte_from_queue
                0x0000000000004960                is_queue_not_empty
                0x0000000000004972                uart_send_buf
                0x000000000000498c                uart_send_str
                0x00000000000049a4                uart_send_byte
                0x00000000000049b2                reset_uart_queue
                0x00000000000049bc                uart_flush
                0x0000000000004a24                uart_send_str_p
 .text          0x0000000000004a4e        0x0 /home/prapor/AVR/avr-gcc-11.1.0-x64-linux/bin/../lib/gcc/avr/11.1.0/avr5/libgcc.a(_udivmodhi4.o)
 .text          0x0000000000004a4e        0x0 /home/prapor/AVR/avr-gcc-11.1.0-x64-linux/bin/../lib/gcc/avr/11.1.0/avr5/libgcc.a(_divmodhi4.o)
 .text          0x0000000000004a4e        0x0 /home/prapor/AVR/avr-gcc-11.1.0-x64-linux/bin/../lib/gcc/avr/11.1.0/avr5/libgcc.a(_udivmodsi4.o)
 .text          0x0000000000004a4e        0x0 /home/prapor/AVR/avr-gcc-11.1.0-x64-linux/bin/../lib/gcc/avr/11.1.0/avr5/libgcc.a(_divmodsi4.o)
 .text          0x0000000000004a4e        0x0 /home/prapor/AVR/avr-gcc-11.1.0-x64-linux/bin/../lib/gcc/avr/11.1.0/avr5/libgcc.a(_negsi2.o)
 .text          0x0000000000004a4e        0x0 /home/prapor/AVR/avr-gcc-11.1.0-x64-linux/bin/../lib/gcc/avr/11.1.0/avr5/libgcc.a(_exit.o)
 .text          0x0000000000004a4e        0x0 /home/prapor/AVR/avr-gcc-11.1.0-x64-linux/bin/../lib/gcc/avr/11.1.0/avr5/libgcc.a(_tablejump2.o)
 .text          0x0000000000004a4e        0x0 /home/prapor/AVR/avr-gcc-11.1.0-x64-linux/bin/../lib/gcc/avr/11.1.0/avr5/libgcc.a(_copy_data.o)
 .text          0x0000000000004a4e        0x0 /home/prapor/AVR/avr-gcc-11.1.0-x64-linux/bin/../lib/gcc/avr/11.1.0/avr5/libgcc.a(_clear_bss.o)
 .text          0x0000000000004a4e        0x0 /home/prapor/AVR/avr-gcc-11.1.0-x64-linux/bin/../lib/gcc/avr/11.1.0/../../../../avr/lib/avr5/libm.a(fixsfsi.o)
 .text          0x0000000000004a4e        0x0 /home/prapor/AVR/avr-gcc-11.1.0-x64-linux/bin/../lib/gcc/avr/11.1.0/../../../../avr/lib/avr5/libm.a(fixunssfsi.o)
 .text          0x0000000000004a4e        0x0 /home/prapor/AVR/avr-gcc-11.1.0-x64-linux/bin/../lib/gcc/avr/11.1.0/../../../../avr/lib/avr5/libm.a(floatsisf.o)
 .text          0x0000000000004a4e        0x0 /home/prapor/AVR/avr-gcc-11.1.0-x64-linux/bin/../lib/gcc/avr/11.1.0/../../../../avr/lib/avr5/libm.a(fp_split3.o)
 .text          0x0000000000004a4e        0x0 /home/prapor/AVR/avr-gcc-11.1.0-x64-linux/bin/../lib/gcc/avr/11.1.0/../../../../avr/lib/avr5/libm.a(fp_zero.o)
 .text          0x0000000000004a4e        0x0 /home/prapor/AVR/avr-gcc-11.1.0-x64-linux/bin/../lib/gcc/avr/11.1.0/../../../../avr/lib/avr5/libm.a(mulsf3.o)
 .text          0x0000000000004a4e        0x0 /home/prapor/AVR/avr-gcc-11.1.0-x64-linux/bin/../lib/gcc/avr/11.1.0/../../../../avr/lib/avr5/libm.a(mulsf3x.o)
 .text          0x0000000000004a4e        0x0 /home/prapor/AVR/avr-gcc-11.1.0-x64-linux/bin/../lib/gcc/avr/11.1.0/../../../../avr/lib/avr5/libm.a(fp_inf.o)
 .text          0x0000000000004a4e        0x0 /home/prapor/AVR/avr-gcc-11.1.0-x64-linux/bin/../lib/gcc/avr/11.1.0/../../../../avr/lib/avr5/libm.a(fp_nan.o)
 .text          0x0000000000004a4e        0x0 /home/prapor/AVR/avr-gcc-11.1.0-x64-linux/bin/../lib/gcc/avr/11.1.0/../../../../avr/lib/avr5/libm.a(fp_pscA.o)
 .text          0x0000000000004a4e        0x0 /home/prapor/AVR/avr-gcc-11.1.0-x64-linux/bin/../lib/gcc/avr/11.1.0/../../../../avr/lib/avr5/libm.a(fp_pscB.o)
 .text          0x0000000000004a4e        0x0 /home/prapor/AVR/avr-gcc-11.1.0-x64-linux/bin/../lib/gcc/avr/11.1.0/../../../../avr/lib/avr5/libm.a(fp_round.o)
 .text          0x0000000000004a4e        0x0 /home/prapor/AVR/avr-gcc-11.1.0-x64-linux/bin/../lib/gcc/avr/11.1.0/../../../../avr/lib/avr5/libc.a(malloc.o)
 .text          0x0000000000004a4e        0x0 /home/prapor/AVR/avr-gcc-11.1.0-x64-linux/bin/../lib/gcc/avr/11.1.0/../../../../avr/lib/avr5/libc.a(strtoul.o)
 .text          0x0000000000004a4e        0x0 /home/prapor/AVR/avr-gcc-11.1.0-x64-linux/bin/../lib/gcc/avr/11.1.0/../../../../avr/lib/avr5/libc.a(atoi.o)
 .text          0x0000000000004a4e        0x0 /home/prapor/AVR/avr-gcc-11.1.0-x64-linux/bin/../lib/gcc/avr/11.1.0/../../../../avr/lib/avr5/libc.a(isspace.o)
 .text          0x0000000000004a4e        0x0 /home/prapor/AVR/avr-gcc-11.1.0-x64-linux/bin/../lib/gcc/avr/11.1.0/../../../../avr/lib/avr5/libc.a(memcmp_P.o)
 .text          0x0000000000004a4e        0x0 /home/prapor/AVR/avr-gcc-11.1.0-x64-linux/bin/../lib/gcc/avr/11.1.0/../../../../avr/lib/avr5/libc.a(strstr_P.o)
 .text          0x0000000000004a4e        0x0 /home/prapor/AVR/avr-gcc-11.1.0-x64-linux/bin/../lib/gcc/avr/11.1.0/../../../../avr/lib/avr5/libc.a(strtok.o)
 .text          0x0000000000004a4e        0x0 /home/prapor/AVR/avr-gcc-11.1.0-x64-linux/bin/../lib/gcc/avr/11.1.0/../../../../avr/lib/avr5/libc.a(memcmp.o)
 .text          0x0000000000004a4e        0x0 /home/prapor/AVR/avr-gcc-11.1.0-x64-linux/bin/../lib/gcc/avr/11.1.0/../../../../avr/lib/avr5/libc.a(memmove.o)
 .text          0x0000000000004a4e        0x0 /home/prapor/AVR/avr-gcc-11.1.0-x64-linux/bin/../lib/gcc/avr/11.1.0/../../../../avr/lib/avr5/libc.a(memset.o)
 .text          0x0000000000004a4e        0x0 /home/prapor/AVR/avr-gcc-11.1.0-x64-linux/bin/../lib/gcc/avr/11.1.0/../../../../avr/lib/avr5/libc.a(strchr.o)
 .text          0x0000000000004a4e        0x0 /home/prapor/AVR/avr-gcc-11.1.0-x64-linux/bin/../lib/gcc/avr/11.1.0/../../../../avr/lib/avr5/libc.a(strstr.o)
 .text          0x0000000000004a4e        0x0 /home/prapor/AVR/avr-gcc-11.1.0-x64-linux/bin/../lib/gcc/avr/11.1.0/../../../../avr/lib/avr5/libc.a(strtok_r.o)
 .text          0x0000000000004a4e        0x0 /home/prapor/AVR/avr-gcc-11.1.0-x64-linux/bin/../lib/gcc/avr/11.1.0/../../../../avr/lib/avr5/libc.a(itoa_ncheck.o)
 .text          0x0000000000004a4e        0x0 /home/prapor/AVR/avr-gcc-11.1.0-x64-linux/bin/../lib/gcc/avr/11.1.0/../../../../avr/lib/avr5/libc.a(mul10.o)
 .text          0x0000000000004a4e        0x0 /home/prapor/AVR/avr-gcc-11.1.0-x64-linux/bin/../lib/gcc/avr/11.1.0/../../../../avr/lib/avr5/libc.a(utoa_ncheck.o)
 .text          0x0000000000004a4e        0x0 /home/prapor/AVR/avr-gcc-11.1.0-x64-linux/bin/../lib/gcc/avr/11.1.0/../../../../avr/lib/avr5/libc.a(sprintf.o)
 .text          0x0000000000004a4e        0x0 /home/prapor/AVR/avr-gcc-11.1.0-x64-linux/bin/../lib/gcc/avr/11.1.0/../../../../avr/lib/avr5/libc.a(sprintf_p.o)
 .text          0x0000000000004a4e        0x0 /home/prapor/AVR/avr-gcc-11.1.0-x64-linux/bin/../lib/gcc/avr/11.1.0/../../../../avr/lib/avr5/libc.a(vfprintf_std.o)
 .text          0x0000000000004a4e        0x0 /home/prapor/AVR/avr-gcc-11.1.0-x64-linux/bin/../lib/gcc/avr/11.1.0/../../../../avr/lib/avr5/libc.a(errno.o)
 .text          0x0000000000004a4e        0x0 /home/prapor/AVR/avr-gcc-11.1.0-x64-linux/bin/../lib/gcc/avr/11.1.0/../../../../avr/lib/avr5/libc.a(cty_isfalse.o)
 .text          0x0000000000004a4e        0x0 /home/prapor/AVR/avr-gcc-11.1.0-x64-linux/bin/../lib/gcc/avr/11.1.0/../../../../avr/lib/avr5/libc.a(strnlen_P.o)
 .text          0x0000000000004a4e        0x0 /home/prapor/AVR/avr-gcc-11.1.0-x64-linux/bin/../lib/gcc/avr/11.1.0/../../../../avr/lib/avr5/libc.a(memcpy.o)
 .text          0x0000000000004a4e        0x0 /home/prapor/AVR/avr-gcc-11.1.0-x64-linux/bin/../lib/gcc/avr/11.1.0/../../../../avr/lib/avr5/libc.a(strnlen.o)
 .text          0x0000000000004a4e        0x0 /home/prapor/AVR/avr-gcc-11.1.0-x64-linux/bin/../lib/gcc/avr/11.1.0/../../../../avr/lib/avr5/libc.a(strrev.o)
 .text          0x0000000000004a4e        0x0 /home/prapor/AVR/avr-gcc-11.1.0-x64-linux/bin/../lib/gcc/avr/11.1.0/../../../../avr/lib/avr5/libc.a(fputc.o)
 .text          0x0000000000004a4e        0x0 /home/prapor/AVR/avr-gcc-11.1.0-x64-linux/bin/../lib/gcc/avr/11.1.0/../../../../avr/lib/avr5/libc.a(ultoa_invert.o)
 .text          0x0000000000004a4e        0x0 /home/prapor/AVR/avr-gcc-11.1.0-x64-linux/bin/../lib/gcc/avr/11.1.0/../../../../avr/lib/avr5/libatmega328p.a(eerd_block.o)
 .text          0x0000000000004a4e        0x0 /home/prapor/AVR/avr-gcc-11.1.0-x64-linux/bin/../lib/gcc/avr/11.1.0/../../../../avr/lib/avr5/libatmega328p.a(eeupd_block.o)
 .text          0x0000000000004a4e        0x0 /home/prapor/AVR/avr-gcc-11.1.0-x64-linux/bin/../lib/gcc/avr/11.1.0/../../../../avr/lib/avr5/libatmega328p.a(eeupd_byte.o)
 .text          0x0000000000004a4e        0x0 /home/prapor/AVR/avr-gcc-11.1.0-x64-linux/bin/../lib/gcc/avr/11.1.0/../../../../avr/lib/avr5/libatmega328p.a(eewr_block.o)
 .text          0x0000000000004a4e        0x0 /home/prapor/AVR/avr-gcc-11.1.0-x64-linux/bin/../lib/gcc/avr/11.1.0/../../../../avr/lib/avr5/libatmega328p.a(eewr_byte.o)
 .text          0x0000000000004a4e        0x0 /home/prapor/AVR/avr-gcc-11.1.0-x64-linux/bin/../lib/gcc/avr/11.1.0/avr5/libgcc.a(_mulsi3.o)
 .text          0x0000000000004a4e        0x0 /home/prapor/AVR/avr-gcc-11.1.0-x64-linux/bin/../lib/gcc/avr/11.1.0/avr5/libgcc.a(_muluhisi3.o)
 .text          0x0000000000004a4e        0x0 /home/prapor/AVR/avr-gcc-11.1.0-x64-linux/bin/../lib/gcc/avr/11.1.0/avr5/libgcc.a(_prologue.o)
 .text          0x0000000000004a4e        0x0 /home/prapor/AVR/avr-gcc-11.1.0-x64-linux/bin/../lib/gcc/avr/11.1.0/avr5/libgcc.a(_epilogue.o)
 .text          0x0000000000004a4e        0x0 /home/prapor/AVR/avr-gcc-11.1.0-x64-linux/bin/../lib/gcc/avr/11.1.0/avr5/libgcc.a(_umulhisi3.o)
                0x0000000000004a4e                . = ALIGN (0x2)
 *(.text.*)
 .text.startup  0x0000000000004a4e      0x170 obj/Release/main.o
                0x0000000000004a4e                main
 .text.libgcc.mul
                0x0000000000004bbe        0x0 /home/prapor/AVR/avr-gcc-11.1.0-x64-linux/bin/../lib/gcc/avr/11.1.0/avr5/libgcc.a(_udivmodhi4.o)
 .text.libgcc.div
                0x0000000000004bbe       0x28 /home/prapor/AVR/avr-gcc-11.1.0-x64-linux/bin/../lib/gcc/avr/11.1.0/avr5/libgcc.a(_udivmodhi4.o)
                0x0000000000004bbe                __udivmodhi4
 .text.libgcc   0x0000000000004be6        0x0 /home/prapor/AVR/avr-gcc-11.1.0-x64-linux/bin/../lib/gcc/avr/11.1.0/avr5/libgcc.a(_udivmodhi4.o)
 .text.libgcc.prologue
                0x0000000000004be6        0x0 /home/prapor/AVR/avr-gcc-11.1.0-x64-linux/bin/../lib/gcc/avr/11.1.0/avr5/libgcc.a(_udivmodhi4.o)
 .text.libgcc.builtins
                0x0000000000004be6        0x0 /home/prapor/AVR/avr-gcc-11.1.0-x64-linux/bin/../lib/gcc/avr/11.1.0/avr5/libgcc.a(_udivmodhi4.o)
 .text.libgcc.fmul
                0x0000000000004be6        0x0 /home/prapor/AVR/avr-gcc-11.1.0-x64-linux/bin/../lib/gcc/avr/11.1.0/avr5/libgcc.a(_udivmodhi4.o)
 .text.libgcc.fixed
                0x0000000000004be6        0x0 /home/prapor/AVR/avr-gcc-11.1.0-x64-linux/bin/../lib/gcc/avr/11.1.0/avr5/libgcc.a(_udivmodhi4.o)
 .text.libgcc.mul
                0x0000000000004be6        0x0 /home/prapor/AVR/avr-gcc-11.1.0-x64-linux/bin/../lib/gcc/avr/11.1.0/avr5/libgcc.a(_divmodhi4.o)
 .text.libgcc.div
                0x0000000000004be6       0x28 /home/prapor/AVR/avr-gcc-11.1.0-x64-linux/bin/../lib/gcc/avr/11.1.0/avr5/libgcc.a(_divmodhi4.o)
                0x0000000000004be6                __divmodhi4
                0x0000000000004be6                _div
 .text.libgcc   0x0000000000004c0e        0x0 /home/prapor/AVR/avr-gcc-11.1.0-x64-linux/bin/../lib/gcc/avr/11.1.0/avr5/libgcc.a(_divmodhi4.o)
 .text.libgcc.prologue
                0x0000000000004c0e        0x0 /home/prapor/AVR/avr-gcc-11.1.0-x64-linux/bin/../lib/gcc/avr/11.1.0/avr5/libgcc.a(_divmodhi4.o)
 .text.libgcc.builtins
                0x0000000000004c0e        0x0 /home/prapor/AVR/avr-gcc-11.1.0-x64-linux/bin/../lib/gcc/avr/11.1.0/avr5/libgcc.a(_divmodhi4.o)
 .text.libgcc.fmul
                0x0000000000004c0e        0x0 /home/prapor/AVR/avr-gcc-11.1.0-x64-linux/bin/../lib/gcc/avr/11.1.0/avr5/libgcc.a(_divmodhi4.o)
 .text.libgcc.fixed
                0x0000000000004c0e        0x0 /home/prapor/AVR/avr-gcc-11.1.0-x64-linux/bin/../lib/gcc/avr/11.1.0/avr5/libgcc.a(_divmodhi4.o)
 .text.libgcc.mul
                0x0000000000004c0e        0x0 /home/prapor/AVR/avr-gcc-11.1.0-x64-linux/bin/../lib/gcc/avr/11.1.0/avr5/libgcc.a(_udivmodsi4.o)
 .text.libgcc.div
                0x0000000000004c0e       0x44 /home/prapor/AVR/avr-gcc-11.1.0-x64-linux/bin/../lib/gcc/avr/11.1.0/avr5/libgcc.a(_udivmodsi4.o)
                0x0000000000004c0e                __udivmodsi4
 .text.libgcc   0x0000000000004c52        0x0 /home/prapor/AVR/avr-gcc-11.1.0-x64-linux/bin/../lib/gcc/avr/11.1.0/avr5/libgcc.a(_udivmodsi4.o)
 .text.libgcc.prologue
                0x0000000000004c52        0x0 /home/prapor/AVR/avr-gcc-11.1.0-x64-linux/bin/../lib/gcc/avr/11.1.0/avr5/libgcc.a(_udivmodsi4.o)
 .text.libgcc.builtins
                0x0000000000004c52        0x0 /home/prapor/AVR/avr-gcc-11.1.0-x64-linux/bin/../lib/gcc/avr/11.1.0/avr5/libgcc.a(_udivmodsi4.o)
 .text.libgcc.fmul
                0x0000000000004c52        0x0 /home/prapor/AVR/avr-gcc-11.1.0-x64-linux/bin/../lib/gcc/avr/11.1.0/avr5/libgcc.a(_udivmodsi4.o)
 .text.libgcc.fixed
                0x0000000000004c52        0x0 /home/prapor/AVR/avr-gcc-11.1.0-x64-linux/bin/../lib/gcc/avr/11.1.0/avr5/libgcc.a(_udivmodsi4.o)
 .text.libgcc.mul
                0x0000000000004c52        0x0 /home/prapor/AVR/avr-gcc-11.1.0-x64-linux/bin/../lib/gcc/avr/11.1.0/avr5/libgcc.a(_divmodsi4.o)
 .text.libgcc.div
                0x0000000000004c52       0x2e /home/prapor/AVR/avr-gcc-11.1.0-x64-linux/bin/../lib/gcc/avr/11.1.0/avr5/libgcc.a(_divmodsi4.o)
                0x0000000000004c52                __divmodsi4
 .text.libgcc   0x0000000000004c80        0x0 /home/prapor/AVR/avr-gcc-11.1.0-x64-linux/bin/../lib/gcc/avr/11.1.0/avr5/libgcc.a(_divmodsi4.o)
 .text.libgcc.prologue
                0x0000000000004c80        0x0 /home/prapor/AVR/avr-gcc-11.1.0-x64-linux/bin/../lib/gcc/avr/11.1.0/avr5/libgcc.a(_divmodsi4.o)
 .text.libgcc.builtins
                0x0000000000004c80        0x0 /home/prapor/AVR/avr-gcc-11.1.0-x64-linux/bin/../lib/gcc/avr/11.1.0/avr5/libgcc.a(_divmodsi4.o)
 .text.libgcc.fmul
                0x0000000000004c80        0x0 /home/prapor/AVR/avr-gcc-11.1.0-x64-linux/bin/../lib/gcc/avr/11.1.0/avr5/libgcc.a(_divmodsi4.o)
 .text.libgcc.fixed
                0x0000000000004c80        0x0 /home/prapor/AVR/avr-gcc-11.1.0-x64-linux/bin/../lib/gcc/avr/11.1.0/avr5/libgcc.a(_divmodsi4.o)
 .text.libgcc.mul
                0x0000000000004c80        0x0 /home/prapor/AVR/avr-gcc-11.1.0-x64-linux/bin/../lib/gcc/avr/11.1.0/avr5/libgcc.a(_negsi2.o)
 .text.libgcc.div
                0x0000000000004c80       0x10 /home/prapor/AVR/avr-gcc-11.1.0-x64-linux/bin/../lib/gcc/avr/11.1.0/avr5/libgcc.a(_negsi2.o)
                0x0000000000004c80                __negsi2
 .text.libgcc   0x0000000000004c90        0x0 /home/prapor/AVR/avr-gcc-11.1.0-x64-linux/bin/../lib/gcc/avr/11.1.0/avr5/libgcc.a(_negsi2.o)
 .text.libgcc.prologue
                0x0000000000004c90        0x0 /home/prapor/AVR/avr-gcc-11.1.0-x64-linux/bin/../lib/gcc/avr/11.1.0/avr5/libgcc.a(_negsi2.o)
 .text.libgcc.builtins
                0x0000000000004c90        0x0 /home/prapor/AVR/avr-gcc-11.1.0-x64-linux/bin/../lib/gcc/avr/11.1.0/avr5/libgcc.a(_negsi2.o)
 .text.libgcc.fmul
                0x0000000000004c90        0x0 /home/prapor/AVR/avr-gcc-11.1.0-x64-linux/bin/../lib/gcc/avr/11.1.0/avr5/libgcc.a(_negsi2.o)
 .text.libgcc.fixed
                0x0000000000004c90        0x0 /home/prapor/AVR/avr-gcc-11.1.0-x64-linux/bin/../lib/gcc/avr/11.1.0/avr5/libgcc.a(_negsi2.o)
 .text.libgcc.mul
                0x0000000000004c90        0x0 /home/prapor/AVR/avr-gcc-11.1.0-x64-linux/bin/../lib/gcc/avr/11.1.0/avr5/libgcc.a(_exit.o)
 .text.libgcc.div
                0x0000000000004c90        0x0 /home/prapor/AVR/avr-gcc-11.1.0-x64-linux/bin/../lib/gcc/avr/11.1.0/avr5/libgcc.a(_exit.o)
 .text.libgcc   0x0000000000004c90        0x0 /home/prapor/AVR/avr-gcc-11.1.0-x64-linux/bin/../lib/gcc/avr/11.1.0/avr5/libgcc.a(_exit.o)
 .text.libgcc.prologue
                0x0000000000004c90        0x0 /home/prapor/AVR/avr-gcc-11.1.0-x64-linux/bin/../lib/gcc/avr/11.1.0/avr5/libgcc.a(_exit.o)
 .text.libgcc.builtins
                0x0000000000004c90        0x0 /home/prapor/AVR/avr-gcc-11.1.0-x64-linux/bin/../lib/gcc/avr/11.1.0/avr5/libgcc.a(_exit.o)
 .text.libgcc.fmul
                0x0000000000004c90        0x0 /home/prapor/AVR/avr-gcc-11.1.0-x64-linux/bin/../lib/gcc/avr/11.1.0/avr5/libgcc.a(_exit.o)
 .text.libgcc.fixed
                0x0000000000004c90        0x0 /home/prapor/AVR/avr-gcc-11.1.0-x64-linux/bin/../lib/gcc/avr/11.1.0/avr5/libgcc.a(_exit.o)
 .text.libgcc.mul
                0x0000000000004c90        0x0 /home/prapor/AVR/avr-gcc-11.1.0-x64-linux/bin/../lib/gcc/avr/11.1.0/avr5/libgcc.a(_tablejump2.o)
 .text.libgcc.div
                0x0000000000004c90        0x0 /home/prapor/AVR/avr-gcc-11.1.0-x64-linux/bin/../lib/gcc/avr/11.1.0/avr5/libgcc.a(_tablejump2.o)
 .text.libgcc   0x0000000000004c90        0xc /home/prapor/AVR/avr-gcc-11.1.0-x64-linux/bin/../lib/gcc/avr/11.1.0/avr5/libgcc.a(_tablejump2.o)
                0x0000000000004c90                __tablejump2__
 .text.libgcc.prologue
                0x0000000000004c9c        0x0 /home/prapor/AVR/avr-gcc-11.1.0-x64-linux/bin/../lib/gcc/avr/11.1.0/avr5/libgcc.a(_tablejump2.o)
 .text.libgcc.builtins
                0x0000000000004c9c        0x0 /home/prapor/AVR/avr-gcc-11.1.0-x64-linux/bin/../lib/gcc/avr/11.1.0/avr5/libgcc.a(_tablejump2.o)
 .text.libgcc.fmul
                0x0000000000004c9c        0x0 /home/prapor/AVR/avr-gcc-11.1.0-x64-linux/bin/../lib/gcc/avr/11.1.0/avr5/libgcc.a(_tablejump2.o)
 .text.libgcc.fixed
                0x0000000000004c9c        0x0 /home/prapor/AVR/avr-gcc-11.1.0-x64-linux/bin/../lib/gcc/avr/11.1.0/avr5/libgcc.a(_tablejump2.o)
 .text.libgcc.mul
                0x0000000000004c9c        0x0 /home/prapor/AVR/avr-gcc-11.1.0-x64-linux/bin/../lib/gcc/avr/11.1.0/avr5/libgcc.a(_copy_data.o)
 .text.libgcc.div
                0x0000000000004c9c        0x0 /home/prapor/AVR/avr-gcc-11.1.0-x64-linux/bin/../lib/gcc/avr/11.1.0/avr5/libgcc.a(_copy_data.o)
 .text.libgcc   0x0000000000004c9c        0x0 /home/prapor/AVR/avr-gcc-11.1.0-x64-linux/bin/../lib/gcc/avr/11.1.0/avr5/libgcc.a(_copy_data.o)
 .text.libgcc.prologue
                0x0000000000004c9c        0x0 /home/prapor/AVR/avr-gcc-11.1.0-x64-linux/bin/../lib/gcc/avr/11.1.0/avr5/libgcc.a(_copy_data.o)
 .text.libgcc.builtins
                0x0000000000004c9c        0x0 /home/prapor/AVR/avr-gcc-11.1.0-x64-linux/bin/../lib/gcc/avr/11.1.0/avr5/libgcc.a(_copy_data.o)
 .text.libgcc.fmul
                0x0000000000004c9c        0x0 /home/prapor/AVR/avr-gcc-11.1.0-x64-linux/bin/../lib/gcc/avr/11.1.0/avr5/libgcc.a(_copy_data.o)
 .text.libgcc.fixed
                0x0000000000004c9c        0x0 /home/prapor/AVR/avr-gcc-11.1.0-x64-linux/bin/../lib/gcc/avr/11.1.0/avr5/libgcc.a(_copy_data.o)
 .text.libgcc.mul
                0x0000000000004c9c        0x0 /home/prapor/AVR/avr-gcc-11.1.0-x64-linux/bin/../lib/gcc/avr/11.1.0/avr5/libgcc.a(_clear_bss.o)
 .text.libgcc.div
                0x0000000000004c9c        0x0 /home/prapor/AVR/avr-gcc-11.1.0-x64-linux/bin/../lib/gcc/avr/11.1.0/avr5/libgcc.a(_clear_bss.o)
 .text.libgcc   0x0000000000004c9c        0x0 /home/prapor/AVR/avr-gcc-11.1.0-x64-linux/bin/../lib/gcc/avr/11.1.0/avr5/libgcc.a(_clear_bss.o)
 .text.libgcc.prologue
                0x0000000000004c9c        0x0 /home/prapor/AVR/avr-gcc-11.1.0-x64-linux/bin/../lib/gcc/avr/11.1.0/avr5/libgcc.a(_clear_bss.o)
 .text.libgcc.builtins
                0x0000000000004c9c        0x0 /home/prapor/AVR/avr-gcc-11.1.0-x64-linux/bin/../lib/gcc/avr/11.1.0/avr5/libgcc.a(_clear_bss.o)
 .text.libgcc.fmul
                0x0000000000004c9c        0x0 /home/prapor/AVR/avr-gcc-11.1.0-x64-linux/bin/../lib/gcc/avr/11.1.0/avr5/libgcc.a(_clear_bss.o)
 .text.libgcc.fixed
                0x0000000000004c9c        0x0 /home/prapor/AVR/avr-gcc-11.1.0-x64-linux/bin/../lib/gcc/avr/11.1.0/avr5/libgcc.a(_clear_bss.o)
 .text.avr-libc.fplib
                0x0000000000004c9c        0xe /home/prapor/AVR/avr-gcc-11.1.0-x64-linux/bin/../lib/gcc/avr/11.1.0/../../../../avr/lib/avr5/libm.a(fixsfsi.o)
                0x0000000000004c9c                __fixsfsi
 .text.avr-libc.fplib
                0x0000000000004caa       0x5e /home/prapor/AVR/avr-gcc-11.1.0-x64-linux/bin/../lib/gcc/avr/11.1.0/../../../../avr/lib/avr5/libm.a(fixunssfsi.o)
                0x0000000000004caa                __fixunssfsi
 .text.avr-libc.fplib
                0x0000000000004d08       0x7a /home/prapor/AVR/avr-gcc-11.1.0-x64-linux/bin/../lib/gcc/avr/11.1.0/../../../../avr/lib/avr5/libm.a(floatsisf.o)
                0x0000000000004d08                __floatunsisf
                0x0000000000004d0c                __floatsisf
 .text.avr-libc.fplib
                0x0000000000004d82       0x44 /home/prapor/AVR/avr-gcc-11.1.0-x64-linux/bin/../lib/gcc/avr/11.1.0/../../../../avr/lib/avr5/libm.a(fp_split3.o)
                0x0000000000004d82                __fp_split3
                0x0000000000004d92                __fp_splitA
 .text.avr-libc.fplib
                0x0000000000004dc6        0xe /home/prapor/AVR/avr-gcc-11.1.0-x64-linux/bin/../lib/gcc/avr/11.1.0/../../../../avr/lib/avr5/libm.a(fp_zero.o)
                0x0000000000004dc6                __fp_zero
                0x0000000000004dc8                __fp_szero
 .text.avr-libc.fplib
                0x0000000000004dd4        0x8 /home/prapor/AVR/avr-gcc-11.1.0-x64-linux/bin/../lib/gcc/avr/11.1.0/../../../../avr/lib/avr5/libm.a(mulsf3.o)
                0x0000000000004dd4                __mulsf3
 .text.avr-libc.fplib
                0x0000000000004ddc       0xd2 /home/prapor/AVR/avr-gcc-11.1.0-x64-linux/bin/../lib/gcc/avr/11.1.0/../../../../avr/lib/avr5/libm.a(mulsf3x.o)
                0x0000000000004dfa                __mulsf3x
                0x0000000000004e00                __mulsf3_pse
 .text.avr-libc.fplib
                0x0000000000004eae        0xc /home/prapor/AVR/avr-gcc-11.1.0-x64-linux/bin/../lib/gcc/avr/11.1.0/../../../../avr/lib/avr5/libm.a(fp_inf.o)
                0x0000000000004eae                __fp_inf
 .text.avr-libc.fplib
                0x0000000000004eba        0x6 /home/prapor/AVR/avr-gcc-11.1.0-x64-linux/bin/../lib/gcc/avr/11.1.0/../../../../avr/lib/avr5/libm.a(fp_nan.o)
                0x0000000000004eba                __fp_nan
 .text.avr-libc.fplib
                0x0000000000004ec0        0xe /home/prapor/AVR/avr-gcc-11.1.0-x64-linux/bin/../lib/gcc/avr/11.1.0/../../../../avr/lib/avr5/libm.a(fp_pscA.o)
                0x0000000000004ec0                __fp_pscA
 .text.avr-libc.fplib
                0x0000000000004ece        0xe /home/prapor/AVR/avr-gcc-11.1.0-x64-linux/bin/../lib/gcc/avr/11.1.0/../../../../avr/lib/avr5/libm.a(fp_pscB.o)
                0x0000000000004ece                __fp_pscB
 .text.avr-libc.fplib
                0x0000000000004edc       0x22 /home/prapor/AVR/avr-gcc-11.1.0-x64-linux/bin/../lib/gcc/avr/11.1.0/../../../../avr/lib/avr5/libm.a(fp_round.o)
                0x0000000000004edc                __fp_round
 .text.avr-libc
                0x0000000000004efe      0x250 /home/prapor/AVR/avr-gcc-11.1.0-x64-linux/bin/../lib/gcc/avr/11.1.0/../../../../avr/lib/avr5/libc.a(malloc.o)
                0x0000000000004efe                malloc
                0x000000000000502a                free
 .text.avr-libc
                0x000000000000514e      0x290 /home/prapor/AVR/avr-gcc-11.1.0-x64-linux/bin/../lib/gcc/avr/11.1.0/../../../../avr/lib/avr5/libc.a(strtoul.o)
                0x000000000000514e                strtoul
 .text.avr-libc
                0x00000000000053de       0x3c /home/prapor/AVR/avr-gcc-11.1.0-x64-linux/bin/../lib/gcc/avr/11.1.0/../../../../avr/lib/avr5/libc.a(atoi.o)
                0x00000000000053de                atoi
 .text.avr-libc
                0x000000000000541a       0x12 /home/prapor/AVR/avr-gcc-11.1.0-x64-linux/bin/../lib/gcc/avr/11.1.0/../../../../avr/lib/avr5/libc.a(isspace.o)
                0x000000000000541a                isspace
 .text.avr-libc
                0x000000000000542c       0x1a /home/prapor/AVR/avr-gcc-11.1.0-x64-linux/bin/../lib/gcc/avr/11.1.0/../../../../avr/lib/avr5/libc.a(memcmp_P.o)
                0x000000000000542c                memcmp_P
 .text.avr-libc
                0x0000000000005446       0x34 /home/prapor/AVR/avr-gcc-11.1.0-x64-linux/bin/../lib/gcc/avr/11.1.0/../../../../avr/lib/avr5/libc.a(strstr_P.o)
                0x0000000000005446                strstr_P
 .text.avr-libc
                0x000000000000547a        0xa /home/prapor/AVR/avr-gcc-11.1.0-x64-linux/bin/../lib/gcc/avr/11.1.0/../../../../avr/lib/avr5/libc.a(strtok.o)
                0x000000000000547a                strtok
 .text.avr-libc
                0x0000000000005484       0x1a /home/prapor/AVR/avr-gcc-11.1.0-x64-linux/bin/../lib/gcc/avr/11.1.0/../../../../avr/lib/avr5/libc.a(memcmp.o)
                0x0000000000005484                memcmp
 .text.avr-libc
                0x000000000000549e       0x24 /home/prapor/AVR/avr-gcc-11.1.0-x64-linux/bin/../lib/gcc/avr/11.1.0/../../../../avr/lib/avr5/libc.a(memmove.o)
                0x000000000000549e                memmove
 .text.avr-libc
                0x00000000000054c2        0xe /home/prapor/AVR/avr-gcc-11.1.0-x64-linux/bin/../lib/gcc/avr/11.1.0/../../../../avr/lib/avr5/libc.a(memset.o)
                0x00000000000054c2                memset
 .text.avr-libc
                0x00000000000054d0       0x16 /home/prapor/AVR/avr-gcc-11.1.0-x64-linux/bin/../lib/gcc/avr/11.1.0/../../../../avr/lib/avr5/libc.a(strchr.o)
                0x00000000000054d0                strchr
 .text.avr-libc
                0x00000000000054e6       0x34 /home/prapor/AVR/avr-gcc-11.1.0-x64-linux/bin/../lib/gcc/avr/11.1.0/../../../../avr/lib/avr5/libc.a(strstr.o)
                0x00000000000054e6                strstr
 .text.avr-libc
                0x000000000000551a       0x4e /home/prapor/AVR/avr-gcc-11.1.0-x64-linux/bin/../lib/gcc/avr/11.1.0/../../../../avr/lib/avr5/libc.a(strtok_r.o)
                0x000000000000551a                strtok_r
 .text.avr-libc
                0x0000000000005568       0x16 /home/prapor/AVR/avr-gcc-11.1.0-x64-linux/bin/../lib/gcc/avr/11.1.0/../../../../avr/lib/avr5/libc.a(itoa_ncheck.o)
                0x0000000000005568                __itoa_ncheck
 .text.avr-libc
                0x000000000000557e       0x10 /home/prapor/AVR/avr-gcc-11.1.0-x64-linux/bin/../lib/gcc/avr/11.1.0/../../../../avr/lib/avr5/libc.a(mul10.o)
                0x000000000000557e                __mulhi_const_10
 .text.avr-libc
                0x000000000000558e       0x34 /home/prapor/AVR/avr-gcc-11.1.0-x64-linux/bin/../lib/gcc/avr/11.1.0/../../../../avr/lib/avr5/libc.a(utoa_ncheck.o)
                0x000000000000558e                __utoa_ncheck
                0x0000000000005590                __utoa_common
 .text.avr-libc
                0x00000000000055c2       0x46 /home/prapor/AVR/avr-gcc-11.1.0-x64-linux/bin/../lib/gcc/avr/11.1.0/../../../../avr/lib/avr5/libc.a(sprintf.o)
                0x00000000000055c2                sprintf
 .text.avr-libc
                0x0000000000005608       0x46 /home/prapor/AVR/avr-gcc-11.1.0-x64-linux/bin/../lib/gcc/avr/11.1.0/../../../../avr/lib/avr5/libc.a(sprintf_p.o)
                0x0000000000005608                sprintf_P
 .text.avr-libc
                0x000000000000564e      0x3a6 /home/prapor/AVR/avr-gcc-11.1.0-x64-linux/bin/../lib/gcc/avr/11.1.0/../../../../avr/lib/avr5/libc.a(vfprintf_std.o)
                0x000000000000564e                vfprintf
 .text.avr-libc
                0x00000000000059f4        0x6 /home/prapor/AVR/avr-gcc-11.1.0-x64-linux/bin/../lib/gcc/avr/11.1.0/../../../../avr/lib/avr5/libc.a(cty_isfalse.o)
                0x00000000000059f4                __ctype_isfalse
                0x00000000000059f8                __ctype_istrue
 .text.avr-libc
                0x00000000000059fa       0x16 /home/prapor/AVR/avr-gcc-11.1.0-x64-linux/bin/../lib/gcc/avr/11.1.0/../../../../avr/lib/avr5/libc.a(strnlen_P.o)
                0x00000000000059fa                strnlen_P
 .text.avr-libc
                0x0000000000005a10       0x12 /home/prapor/AVR/avr-gcc-11.1.0-x64-linux/bin/../lib/gcc/avr/11.1.0/../../../../avr/lib/avr5/libc.a(memcpy.o)
                0x0000000000005a10                memcpy
 .text.avr-libc
                0x0000000000005a22       0x16 /home/prapor/AVR/avr-gcc-11.1.0-x64-linux/bin/../lib/gcc/avr/11.1.0/../../../../avr/lib/avr5/libc.a(strnlen.o)
                0x0000000000005a22                strnlen
 .text.avr-libc
                0x0000000000005a38       0x20 /home/prapor/AVR/avr-gcc-11.1.0-x64-linux/bin/../lib/gcc/avr/11.1.0/../../../../avr/lib/avr5/libc.a(strrev.o)
                0x0000000000005a38                strrev
 .text.avr-libc
                0x0000000000005a58       0x60 /home/prapor/AVR/avr-gcc-11.1.0-x64-linux/bin/../lib/gcc/avr/11.1.0/../../../../avr/lib/avr5/libc.a(fputc.o)
                0x0000000000005a58                fputc
 .text.avr-libc
                0x0000000000005ab8       0xbc /home/prapor/AVR/avr-gcc-11.1.0-x64-linux/bin/../lib/gcc/avr/11.1.0/../../../../avr/lib/avr5/libc.a(ultoa_invert.o)
                0x0000000000005ab8                __ultoa_invert
 .text.avr-libc
                0x0000000000005b74       0x20 /home/prapor/AVR/avr-gcc-11.1.0-x64-linux/bin/../lib/gcc/avr/11.1.0/../../../../avr/lib/avr5/libatmega328p.a(eerd_block.o)
                0x0000000000005b74                eeprom_read_block
                0x0000000000005b78                eeprom_read_blraw
 .text.avr-libc
                0x0000000000005b94       0x20 /home/prapor/AVR/avr-gcc-11.1.0-x64-linux/bin/../lib/gcc/avr/11.1.0/../../../../avr/lib/avr5/libatmega328p.a(eeupd_block.o)
                0x0000000000005b94                eeprom_update_block
 .text.avr-libc
                0x0000000000005bb4       0x24 /home/prapor/AVR/avr-gcc-11.1.0-x64-linux/bin/../lib/gcc/avr/11.1.0/../../../../avr/lib/avr5/libatmega328p.a(eeupd_byte.o)
                0x0000000000005bb4                eeprom_update_byte
                0x0000000000005bb6                eeprom_update_r18
 .text.avr-libc
                0x0000000000005bd8       0x14 /home/prapor/AVR/avr-gcc-11.1.0-x64-linux/bin/../lib/gcc/avr/11.1.0/../../../../avr/lib/avr5/libatmega328p.a(eewr_block.o)
                0x0000000000005bd8                eeprom_write_block
 .text.avr-libc
                0x0000000000005bec       0x1c /home/prapor/AVR/avr-gcc-11.1.0-x64-linux/bin/../lib/gcc/avr/11.1.0/../../../../avr/lib/avr5/libatmega328p.a(eewr_byte.o)
                0x0000000000005bec                eeprom_write_byte
                0x0000000000005bee                eeprom_write_r18
 .text.libgcc.mul
                0x0000000000005c08       0x20 /home/prapor/AVR/avr-gcc-11.1.0-x64-linux/bin/../lib/gcc/avr/11.1.0/avr5/libgcc.a(_mulsi3.o)
                0x0000000000005c08                __mulsi3
 .text.libgcc.div
                0x0000000000005c28        0x0 /home/prapor/AVR/avr-gcc-11.1.0-x64-linux/bin/../lib/gcc/avr/11.1.0/avr5/libgcc.a(_mulsi3.o)
 .text.libgcc   0x0000000000005c28        0x0 /home/prapor/AVR/avr-gcc-11.1.0-x64-linux/bin/../lib/gcc/avr/11.1.0/avr5/libgcc.a(_mulsi3.o)
 .text.libgcc.prologue
                0x0000000000005c28        0x0 /home/prapor/AVR/avr-gcc-11.1.0-x64-linux/bin/../lib/gcc/avr/11.1.0/avr5/libgcc.a(_mulsi3.o)
 .text.libgcc.builtins
                0x0000000000005c28        0x0 /home/prapor/AVR/avr-gcc-11.1.0-x64-linux/bin/../lib/gcc/avr/11.1.0/avr5/libgcc.a(_mulsi3.o)
 .text.libgcc.fmul
                0x0000000000005c28        0x0 /home/prapor/AVR/avr-gcc-11.1.0-x64-linux/bin/../lib/gcc/avr/11.1.0/avr5/libgcc.a(_mulsi3.o)
 .text.libgcc.fixed
                0x0000000000005c28        0x0 /home/prapor/AVR/avr-gcc-11.1.0-x64-linux/bin/../lib/gcc/avr/11.1.0/avr5/libgcc.a(_mulsi3.o)
 .text.libgcc.mul
                0x0000000000005c28       0x16 /home/prapor/AVR/avr-gcc-11.1.0-x64-linux/bin/../lib/gcc/avr/11.1.0/avr5/libgcc.a(_muluhisi3.o)
                0x0000000000005c28                __muluhisi3
 .text.libgcc.div
                0x0000000000005c3e        0x0 /home/prapor/AVR/avr-gcc-11.1.0-x64-linux/bin/../lib/gcc/avr/11.1.0/avr5/libgcc.a(_muluhisi3.o)
 .text.libgcc   0x0000000000005c3e        0x0 /home/prapor/AVR/avr-gcc-11.1.0-x64-linux/bin/../lib/gcc/avr/11.1.0/avr5/libgcc.a(_muluhisi3.o)
 .text.libgcc.prologue
                0x0000000000005c3e        0x0 /home/prapor/AVR/avr-gcc-11.1.0-x64-linux/bin/../lib/gcc/avr/11.1.0/avr5/libgcc.a(_muluhisi3.o)
 .text.libgcc.builtins
                0x0000000000005c3e        0x0 /home/prapor/AVR/avr-gcc-11.1.0-x64-linux/bin/../lib/gcc/avr/11.1.0/avr5/libgcc.a(_muluhisi3.o)
 .text.libgcc.fmul
                0x0000000000005c3e        0x0 /home/prapor/AVR/avr-gcc-11.1.0-x64-linux/bin/../lib/gcc/avr/11.1.0/avr5/libgcc.a(_muluhisi3.o)
 .text.libgcc.fixed
                0x0000000000005c3e        0x0 /home/prapor/AVR/avr-gcc-11.1.0-x64-linux/bin/../lib/gcc/avr/11.1.0/avr5/libgcc.a(_muluhisi3.o)
 .text.libgcc.mul
                0x0000000000005c3e        0x0 /home/prapor/AVR/avr-gcc-11.1.0-x64-linux/bin/../lib/gcc/avr/11.1.0/avr5/libgcc.a(_prologue.o)
 .text.libgcc.div
                0x0000000000005c3e        0x0 /home/prapor/AVR/avr-gcc-11.1.0-x64-linux/bin/../lib/gcc/avr/11.1.0/avr5/libgcc.a(_prologue.o)
 .text.libgcc   0x0000000000005c3e        0x0 /home/prapor/AVR/avr-gcc-11.1.0-x64-linux/bin/../lib/gcc/avr/11.1.0/avr5/libgcc.a(_prologue.o)
 .text.libgcc.prologue
                0x0000000000005c3e       0x38 /home/prapor/AVR/avr-gcc-11.1.0-x64-linux/bin/../lib/gcc/avr/11.1.0/avr5/libgcc.a(_prologue.o)
                0x0000000000005c3e                __prologue_saves__
 .text.libgcc.builtins
                0x0000000000005c76        0x0 /home/prapor/AVR/avr-gcc-11.1.0-x64-linux/bin/../lib/gcc/avr/11.1.0/avr5/libgcc.a(_prologue.o)
 .text.libgcc.fmul
                0x0000000000005c76        0x0 /home/prapor/AVR/avr-gcc-11.1.0-x64-linux/bin/../lib/gcc/avr/11.1.0/avr5/libgcc.a(_prologue.o)
 .text.libgcc.fixed
                0x0000000000005c76        0x0 /home/prapor/AVR/avr-gcc-11.1.0-x64-linux/bin/../lib/gcc/avr/11.1.0/avr5/libgcc.a(_prologue.o)
 .text.libgcc.mul
                0x0000000000005c76        0x0 /home/prapor/AVR/avr-gcc-11.1.0-x64-linux/bin/../lib/gcc/avr/11.1.0/avr5/libgcc.a(_epilogue.o)
 .text.libgcc.div
                0x0000000000005c76        0x0 /home/prapor/AVR/avr-gcc-11.1.0-x64-linux/bin/../lib/gcc/avr/11.1.0/avr5/libgcc.a(_epilogue.o)
 .text.libgcc   0x0000000000005c76        0x0 /home/prapor/AVR/avr-gcc-11.1.0-x64-linux/bin/../lib/gcc/avr/11.1.0/avr5/libgcc.a(_epilogue.o)
 .text.libgcc.prologue
                0x0000000000005c76       0x36 /home/prapor/AVR/avr-gcc-11.1.0-x64-linux/bin/../lib/gcc/avr/11.1.0/avr5/libgcc.a(_epilogue.o)
                0x0000000000005c76                __epilogue_restores__
 .text.libgcc.builtins
                0x0000000000005cac        0x0 /home/prapor/AVR/avr-gcc-11.1.0-x64-linux/bin/../lib/gcc/avr/11.1.0/avr5/libgcc.a(_epilogue.o)
 .text.libgcc.fmul
                0x0000000000005cac        0x0 /home/prapor/AVR/avr-gcc-11.1.0-x64-linux/bin/../lib/gcc/avr/11.1.0/avr5/libgcc.a(_epilogue.o)
 .text.libgcc.fixed
                0x0000000000005cac        0x0 /home/prapor/AVR/avr-gcc-11.1.0-x64-linux/bin/../lib/gcc/avr/11.1.0/avr5/libgcc.a(_epilogue.o)
 .text.libgcc.mul
                0x0000000000005cac       0x1e /home/prapor/AVR/avr-gcc-11.1.0-x64-linux/bin/../lib/gcc/avr/11.1.0/avr5/libgcc.a(_umulhisi3.o)
                0x0000000000005cac                __umulhisi3
 .text.libgcc.div
                0x0000000000005cca        0x0 /home/prapor/AVR/avr-gcc-11.1.0-x64-linux/bin/../lib/gcc/avr/11.1.0/avr5/libgcc.a(_umulhisi3.o)
 .text.libgcc   0x0000000000005cca        0x0 /home/prapor/AVR/avr-gcc-11.1.0-x64-linux/bin/../lib/gcc/avr/11.1.0/avr5/libgcc.a(_umulhisi3.o)
 .text.libgcc.prologue
                0x0000000000005cca        0x0 /home/prapor/AVR/avr-gcc-11.1.0-x64-linux/bin/../lib/gcc/avr/11.1.0/avr5/libgcc.a(_umulhisi3.o)
 .text.libgcc.builtins
                0x0000000000005cca        0x0 /home/prapor/AVR/avr-gcc-11.1.0-x64-linux/bin/../lib/gcc/avr/11.1.0/avr5/libgcc.a(_umulhisi3.o)
 .text.libgcc.fmul
                0x0000000000005cca        0x0 /home/prapor/AVR/avr-gcc-11.1.0-x64-linux/bin/../lib/gcc/avr/11.1.0/avr5/libgcc.a(_umulhisi3.o)
 .text.libgcc.fixed
                0x0000000000005cca        0x0 /home/prapor/AVR/avr-gcc-11.1.0-x64-linux/bin/../lib/gcc/avr/11.1.0/avr5/libgcc.a(_umulhisi3.o)
                0x0000000000005cca                . = ALIGN (0x2)
 *(.fini9)
 .fini9         0x0000000000005cca        0x0 /home/prapor/AVR/avr-gcc-11.1.0-x64-linux/bin/../lib/gcc/avr/11.1.0/avr5/libgcc.a(_exit.o)
                0x0000000000005cca                exit
                0x0000000000005cca                _exit
 *(.fini9)
 *(.fini8)
 *(.fini8)
 *(.fini7)
 *(.fini7)
 *(.fini6)
 *(.fini6)
 *(.fini5)
 *(.fini5)
 *(.fini4)
 *(.fini4)
 *(.fini3)
 *(.fini3)
 *(.fini2)
 *(.fini2)
 *(.fini1)
 *(.fini1)
 *(.fini0)
 .fini0         0x0000000000005cca        0x4 /home/prapor/AVR/avr-gcc-11.1.0-x64-linux/bin/../lib/gcc/avr/11.1.0/avr5/libgcc.a(_exit.o)
 *(.fini0)
 *(.hightext)
 *(.hightext*)
 *(.progmemx.*)
                0x0000000000005cce                . = ALIGN (0x2)
 *(.jumptables)
 *(.jumptables*)
 .jumptables.gcc.analog_read
                0x0000000000005cce       0x12 obj/Release/app.o
                0x0000000000005ce0                _etext = .

.data           0x0000000000800100       0xe8 load address 0x0000000000005ce0
                0x0000000000800100                PROVIDE (__data_start = .)
 *(.data)
 .data          0x0000000000800100        0x0 /home/prapor/AVR/avr-gcc-11.1.0-x64-linux/bin/../lib/gcc/avr/11.1.0/../../../../avr/lib/avr5/crtatmega328p.o
 .data          0x0000000000800100        0x0 obj/Release/18b20.o
 .data          0x0000000000800100        0x2 obj/Release/app.o
 .data          0x0000000000800102        0x0 obj/Release/ds18b20.o
 .data          0x0000000000800102        0x0 obj/Release/eeprom.o
 .data          0x0000000000800102        0x1 obj/Release/GSM.o
 .data          0x0000000000800103        0x0 obj/Release/main.o
 .data          0x0000000000800103        0x0 obj/Release/port.o
 .data          0x0000000000800103        0x0 obj/Release/sms_parse.o
 .data          0x0000000000800103        0x0 obj/Release/softuart.o
 .data          0x0000000000800103        0x2 obj/Release/timer.o
 .data          0x0000000000800105        0x0 obj/Release/UART.o
 .data          0x0000000000800105        0x0 /home/prapor/AVR/avr-gcc-11.1.0-x64-linux/bin/../lib/gcc/avr/11.1.0/avr5/libgcc.a(_udivmodhi4.o)
 .data          0x0000000000800105        0x0 /home/prapor/AVR/avr-gcc-11.1.0-x64-linux/bin/../lib/gcc/avr/11.1.0/avr5/libgcc.a(_divmodhi4.o)
 .data          0x0000000000800105        0x0 /home/prapor/AVR/avr-gcc-11.1.0-x64-linux/bin/../lib/gcc/avr/11.1.0/avr5/libgcc.a(_udivmodsi4.o)
 .data          0x0000000000800105        0x0 /home/prapor/AVR/avr-gcc-11.1.0-x64-linux/bin/../lib/gcc/avr/11.1.0/avr5/libgcc.a(_divmodsi4.o)
 .data          0x0000000000800105        0x0 /home/prapor/AVR/avr-gcc-11.1.0-x64-linux/bin/../lib/gcc/avr/11.1.0/avr5/libgcc.a(_negsi2.o)
 .data          0x0000000000800105        0x0 /home/prapor/AVR/avr-gcc-11.1.0-x64-linux/bin/../lib/gcc/avr/11.1.0/avr5/libgcc.a(_exit.o)
 .data          0x0000000000800105        0x0 /home/prapor/AVR/avr-gcc-11.1.0-x64-linux/bin/../lib/gcc/avr/11.1.0/avr5/libgcc.a(_tablejump2.o)
 .data          0x0000000000800105        0x0 /home/prapor/AVR/avr-gcc-11.1.0-x64-linux/bin/../lib/gcc/avr/11.1.0/avr5/libgcc.a(_copy_data.o)
 .data          0x0000000000800105        0x0 /home/prapor/AVR/avr-gcc-11.1.0-x64-linux/bin/../lib/gcc/avr/11.1.0/avr5/libgcc.a(_clear_bss.o)
 .data          0x0000000000800105        0x0 /home/prapor/AVR/avr-gcc-11.1.0-x64-linux/bin/../lib/gcc/avr/11.1.0/../../../../avr/lib/avr5/libm.a(fixsfsi.o)
 .data          0x0000000000800105        0x0 /home/prapor/AVR/avr-gcc-11.1.0-x64-linux/bin/../lib/gcc/avr/11.1.0/../../../../avr/lib/avr5/libm.a(fixunssfsi.o)
 .data          0x0000000000800105        0x0 /home/prapor/AVR/avr-gcc-11.1.0-x64-linux/bin/../lib/gcc/avr/11.1.0/../../../../avr/lib/avr5/libm.a(floatsisf.o)
 .data          0x0000000000800105        0x0 /home/prapor/AVR/avr-gcc-11.1.0-x64-linux/bin/../lib/gcc/avr/11.1.0/../../../../avr/lib/avr5/libm.a(fp_split3.o)
 .data          0x0000000000800105        0x0 /home/prapor/AVR/avr-gcc-11.1.0-x64-linux/bin/../lib/gcc/avr/11.1.0/../../../../avr/lib/avr5/libm.a(fp_zero.o)
 .data          0x0000000000800105        0x0 /home/prapor/AVR/avr-gcc-11.1.0-x64-linux/bin/../lib/gcc/avr/11.1.0/../../../../avr/lib/avr5/libm.a(mulsf3.o)
 .data          0x0000000000800105        0x0 /home/prapor/AVR/avr-gcc-11.1.0-x64-linux/bin/../lib/gcc/avr/11.1.0/../../../../avr/lib/avr5/libm.a(mulsf3x.o)
 .data          0x0000000000800105        0x0 /home/prapor/AVR/avr-gcc-11.1.0-x64-linux/bin/../lib/gcc/avr/11.1.0/../../../../avr/lib/avr5/libm.a(fp_inf.o)
 .data          0x0000000000800105        0x0 /home/prapor/AVR/avr-gcc-11.1.0-x64-linux/bin/../lib/gcc/avr/11.1.0/../../../../avr/lib/avr5/libm.a(fp_nan.o)
 .data          0x0000000000800105        0x0 /home/prapor/AVR/avr-gcc-11.1.0-x64-linux/bin/../lib/gcc/avr/11.1.0/../../../../avr/lib/avr5/libm.a(fp_pscA.o)
 .data          0x0000000000800105        0x0 /home/prapor/AVR/avr-gcc-11.1.0-x64-linux/bin/../lib/gcc/avr/11.1.0/../../../../avr/lib/avr5/libm.a(fp_pscB.o)
 .data          0x0000000000800105        0x0 /home/prapor/AVR/avr-gcc-11.1.0-x64-linux/bin/../lib/gcc/avr/11.1.0/../../../../avr/lib/avr5/libm.a(fp_round.o)
 .data          0x0000000000800105        0x6 /home/prapor/AVR/avr-gcc-11.1.0-x64-linux/bin/../lib/gcc/avr/11.1.0/../../../../avr/lib/avr5/libc.a(malloc.o)
                0x0000000000800105                __malloc_heap_end
                0x0000000000800107                __malloc_heap_start
                0x0000000000800109                __malloc_margin
 .data          0x000000000080010b        0x0 /home/prapor/AVR/avr-gcc-11.1.0-x64-linux/bin/../lib/gcc/avr/11.1.0/../../../../avr/lib/avr5/libc.a(strtoul.o)
 .data          0x000000000080010b        0x0 /home/prapor/AVR/avr-gcc-11.1.0-x64-linux/bin/../lib/gcc/avr/11.1.0/../../../../avr/lib/avr5/libc.a(atoi.o)
 .data          0x000000000080010b        0x0 /home/prapor/AVR/avr-gcc-11.1.0-x64-linux/bin/../lib/gcc/avr/11.1.0/../../../../avr/lib/avr5/libc.a(isspace.o)
 .data          0x000000000080010b        0x0 /home/prapor/AVR/avr-gcc-11.1.0-x64-linux/bin/../lib/gcc/avr/11.1.0/../../../../avr/lib/avr5/libc.a(memcmp_P.o)
 .data          0x000000000080010b        0x0 /home/prapor/AVR/avr-gcc-11.1.0-x64-linux/bin/../lib/gcc/avr/11.1.0/../../../../avr/lib/avr5/libc.a(strstr_P.o)
 .data          0x000000000080010b        0x0 /home/prapor/AVR/avr-gcc-11.1.0-x64-linux/bin/../lib/gcc/avr/11.1.0/../../../../avr/lib/avr5/libc.a(strtok.o)
 .data          0x000000000080010b        0x0 /home/prapor/AVR/avr-gcc-11.1.0-x64-linux/bin/../lib/gcc/avr/11.1.0/../../../../avr/lib/avr5/libc.a(memcmp.o)
 .data          0x000000000080010b        0x0 /home/prapor/AVR/avr-gcc-11.1.0-x64-linux/bin/../lib/gcc/avr/11.1.0/../../../../avr/lib/avr5/libc.a(memmove.o)
 .data          0x000000000080010b        0x0 /home/prapor/AVR/avr-gcc-11.1.0-x64-linux/bin/../lib/gcc/avr/11.1.0/../../../../avr/lib/avr5/libc.a(memset.o)
 .data          0x000000000080010b        0x0 /home/prapor/AVR/avr-gcc-11.1.0-x64-linux/bin/../lib/gcc/avr/11.1.0/../../../../avr/lib/avr5/libc.a(strchr.o)
 .data          0x000000000080010b        0x0 /home/prapor/AVR/avr-gcc-11.1.0-x64-linux/bin/../lib/gcc/avr/11.1.0/../../../../avr/lib/avr5/libc.a(strstr.o)
 .data          0x000000000080010b        0x0 /home/prapor/AVR/avr-gcc-11.1.0-x64-linux/bin/../lib/gcc/avr/11.1.0/../../../../avr/lib/avr5/libc.a(strtok_r.o)
 .data          0x000000000080010b        0x0 /home/prapor/AVR/avr-gcc-11.1.0-x64-linux/bin/../lib/gcc/avr/11.1.0/../../../../avr/lib/avr5/libc.a(itoa_ncheck.o)
 .data          0x000000000080010b        0x0 /home/prapor/AVR/avr-gcc-11.1.0-x64-linux/bin/../lib/gcc/avr/11.1.0/../../../../avr/lib/avr5/libc.a(mul10.o)
 .data          0x000000000080010b        0x0 /home/prapor/AVR/avr-gcc-11.1.0-x64-linux/bin/../lib/gcc/avr/11.1.0/../../../../avr/lib/avr5/libc.a(utoa_ncheck.o)
 .data          0x000000000080010b        0x0 /home/prapor/AVR/avr-gcc-11.1.0-x64-linux/bin/../lib/gcc/avr/11.1.0/../../../../avr/lib/avr5/libc.a(sprintf.o)
 .data          0x000000000080010b        0x0 /home/prapor/AVR/avr-gcc-11.1.0-x64-linux/bin/../lib/gcc/avr/11.1.0/../../../../avr/lib/avr5/libc.a(sprintf_p.o)
 .data          0x000000000080010b        0x0 /home/prapor/AVR/avr-gcc-11.1.0-x64-linux/bin/../lib/gcc/avr/11.1.0/../../../../avr/lib/avr5/libc.a(vfprintf_std.o)
 .data          0x000000000080010b        0x0 /home/prapor/AVR/avr-gcc-11.1.0-x64-linux/bin/../lib/gcc/avr/11.1.0/../../../../avr/lib/avr5/libc.a(errno.o)
 .data          0x000000000080010b        0x0 /home/prapor/AVR/avr-gcc-11.1.0-x64-linux/bin/../lib/gcc/avr/11.1.0/../../../../avr/lib/avr5/libc.a(cty_isfalse.o)
 .data          0x000000000080010b        0x0 /home/prapor/AVR/avr-gcc-11.1.0-x64-linux/bin/../lib/gcc/avr/11.1.0/../../../../avr/lib/avr5/libc.a(strnlen_P.o)
 .data          0x000000000080010b        0x0 /home/prapor/AVR/avr-gcc-11.1.0-x64-linux/bin/../lib/gcc/avr/11.1.0/../../../../avr/lib/avr5/libc.a(memcpy.o)
 .data          0x000000000080010b        0x0 /home/prapor/AVR/avr-gcc-11.1.0-x64-linux/bin/../lib/gcc/avr/11.1.0/../../../../avr/lib/avr5/libc.a(strnlen.o)
 .data          0x000000000080010b        0x0 /home/prapor/AVR/avr-gcc-11.1.0-x64-linux/bin/../lib/gcc/avr/11.1.0/../../../../avr/lib/avr5/libc.a(strrev.o)
 .data          0x000000000080010b        0x0 /home/prapor/AVR/avr-gcc-11.1.0-x64-linux/bin/../lib/gcc/avr/11.1.0/../../../../avr/lib/avr5/libc.a(fputc.o)
 .data          0x000000000080010b        0x0 /home/prapor/AVR/avr-gcc-11.1.0-x64-linux/bin/../lib/gcc/avr/11.1.0/../../../../avr/lib/avr5/libc.a(ultoa_invert.o)
 .data          0x000000000080010b        0x0 /home/prapor/AVR/avr-gcc-11.1.0-x64-linux/bin/../lib/gcc/avr/11.1.0/../../../../avr/lib/avr5/libatmega328p.a(eerd_block.o)
 .data          0x000000000080010b        0x0 /home/prapor/AVR/avr-gcc-11.1.0-x64-linux/bin/../lib/gcc/avr/11.1.0/../../../../avr/lib/avr5/libatmega328p.a(eeupd_block.o)
 .data          0x000000000080010b        0x0 /home/prapor/AVR/avr-gcc-11.1.0-x64-linux/bin/../lib/gcc/avr/11.1.0/../../../../avr/lib/avr5/libatmega328p.a(eeupd_byte.o)
 .data          0x000000000080010b        0x0 /home/prapor/AVR/avr-gcc-11.1.0-x64-linux/bin/../lib/gcc/avr/11.1.0/../../../../avr/lib/avr5/libatmega328p.a(eewr_block.o)
 .data          0x000000000080010b        0x0 /home/prapor/AVR/avr-gcc-11.1.0-x64-linux/bin/../lib/gcc/avr/11.1.0/../../../../avr/lib/avr5/libatmega328p.a(eewr_byte.o)
 .data          0x000000000080010b        0x0 /home/prapor/AVR/avr-gcc-11.1.0-x64-linux/bin/../lib/gcc/avr/11.1.0/avr5/libgcc.a(_mulsi3.o)
 .data          0x000000000080010b        0x0 /home/prapor/AVR/avr-gcc-11.1.0-x64-linux/bin/../lib/gcc/avr/11.1.0/avr5/libgcc.a(_muluhisi3.o)
 .data          0x000000000080010b        0x0 /home/prapor/AVR/avr-gcc-11.1.0-x64-linux/bin/../lib/gcc/avr/11.1.0/avr5/libgcc.a(_prologue.o)
 .data          0x000000000080010b        0x0 /home/prapor/AVR/avr-gcc-11.1.0-x64-linux/bin/../lib/gcc/avr/11.1.0/avr5/libgcc.a(_epilogue.o)
 .data          0x000000000080010b        0x0 /home/prapor/AVR/avr-gcc-11.1.0-x64-linux/bin/../lib/gcc/avr/11.1.0/avr5/libgcc.a(_umulhisi3.o)
 *(.data*)
 *(.gnu.linkonce.d*)
 *(.rodata)
 .rodata        0x000000000080010b        0x8 obj/Release/GSM.o
 *(.rodata*)
 .rodata.str1.1
                0x0000000000800113       0x39 obj/Release/app.o
 .rodata.str1.1
                0x000000000080014c        0xe obj/Release/eeprom.o
 .rodata.str1.1
                0x000000000080015a       0x6a obj/Release/GSM.o
                                         0x76 (size before relaxing)
 .rodata.str1.1
                0x00000000008001c4       0x11 obj/Release/main.o
 .rodata.str1.1
                0x00000000008001d5        0xf obj/Release/sms_parse.o
 .rodata.str1.1
                0x00000000008001e4        0x3 obj/Release/softuart.o
 *(.gnu.linkonce.r*)
                0x00000000008001e8                . = ALIGN (0x2)
 *fill*         0x00000000008001e7        0x1 
                0x00000000008001e8                _edata = .
                0x00000000008001e8                PROVIDE (__data_end = .)

.bss            0x00000000008001e8      0x2c4
                0x00000000008001e8                PROVIDE (__bss_start = .)
 *(.bss)
 .bss           0x00000000008001e8        0x0 /home/prapor/AVR/avr-gcc-11.1.0-x64-linux/bin/../lib/gcc/avr/11.1.0/../../../../avr/lib/avr5/crtatmega328p.o
 .bss           0x00000000008001e8        0x0 obj/Release/18b20.o
 .bss           0x00000000008001e8       0x21 obj/Release/app.o
 .bss           0x0000000000800209       0x16 obj/Release/ds18b20.o
 .bss           0x000000000080021f       0x57 obj/Release/eeprom.o
 .bss           0x0000000000800276      0x173 obj/Release/GSM.o
 .bss           0x00000000008003e9        0x0 obj/Release/main.o
 .bss           0x00000000008003e9       0x13 obj/Release/port.o
 .bss           0x00000000008003fc        0x0 obj/Release/sms_parse.o
 .bss           0x00000000008003fc        0x5 obj/Release/softuart.o
 .bss           0x0000000000800401       0x21 obj/Release/timer.o
 .bss           0x0000000000800422       0x82 obj/Release/UART.o
                0x0000000000800422                tail
                0x0000000000800423                head
 .bss           0x00000000008004a4        0x0 /home/prapor/AVR/avr-gcc-11.1.0-x64-linux/bin/../lib/gcc/avr/11.1.0/avr5/libgcc.a(_udivmodhi4.o)
 .bss           0x00000000008004a4        0x0 /home/prapor/AVR/avr-gcc-11.1.0-x64-linux/bin/../lib/gcc/avr/11.1.0/avr5/libgcc.a(_divmodhi4.o)
 .bss           0x00000000008004a4        0x0 /home/prapor/AVR/avr-gcc-11.1.0-x64-linux/bin/../lib/gcc/avr/11.1.0/avr5/libgcc.a(_udivmodsi4.o)
 .bss           0x00000000008004a4        0x0 /home/prapor/AVR/avr-gcc-11.1.0-x64-linux/bin/../lib/gcc/avr/11.1.0/avr5/libgcc.a(_divmodsi4.o)
 .bss           0x00000000008004a4        0x0 /home/prapor/AVR/avr-gcc-11.1.0-x64-linux/bin/../lib/gcc/avr/11.1.0/avr5/libgcc.a(_negsi2.o)
 .bss           0x00000000008004a4        0x0 /home/prapor/AVR/avr-gcc-11.1.0-x64-linux/bin/../lib/gcc/avr/11.1.0/avr5/libgcc.a(_exit.o)
 .bss           0x00000000008004a4        0x0 /home/prapor/AVR/avr-gcc-11.1.0-x64-linux/bin/../lib/gcc/avr/11.1.0/avr5/libgcc.a(_tablejump2.o)
 .bss           0x00000000008004a4        0x0 /home/prapor/AVR/avr-gcc-11.1.0-x64-linux/bin/../lib/gcc/avr/11.1.0/avr5/libgcc.a(_copy_data.o)
 .bss           0x00000000008004a4        0x0 /home/prapor/AVR/avr-gcc-11.1.0-x64-linux/bin/../lib/gcc/avr/11.1.0/avr5/libgcc.a(_clear_bss.o)
 .bss           0x00000000008004a4        0x0 /home/prapor/AVR/avr-gcc-11.1.0-x64-linux/bin/../lib/gcc/avr/11.1.0/../../../../avr/lib/avr5/libm.a(fixsfsi.o)
 .bss           0x00000000008004a4        0x0 /home/prapor/AVR/avr-gcc-11.1.0-x64-linux/bin/../lib/gcc/avr/11.1.0/../../../../avr/lib/avr5/libm.a(fixunssfsi.o)
 .bss           0x00000000008004a4        0x0 /home/prapor/AVR/avr-gcc-11.1.0-x64-linux/bin/../lib/gcc/avr/11.1.0/../../../../avr/lib/avr5/libm.a(floatsisf.o)
 .bss           0x00000000008004a4        0x0 /home/prapor/AVR/avr-gcc-11.1.0-x64-linux/bin/../lib/gcc/avr/11.1.0/../../../../avr/lib/avr5/libm.a(fp_split3.o)
 .bss           0x00000000008004a4        0x0 /home/prapor/AVR/avr-gcc-11.1.0-x64-linux/bin/../lib/gcc/avr/11.1.0/../../../../avr/lib/avr5/libm.a(fp_zero.o)
 .bss           0x00000000008004a4        0x0 /home/prapor/AVR/avr-gcc-11.1.0-x64-linux/bin/../lib/gcc/avr/11.1.0/../../../../avr/lib/avr5/libm.a(mulsf3.o)
 .bss           0x00000000008004a4        0x0 /home/prapor/AVR/avr-gcc-11.1.0-x64-linux/bin/../lib/gcc/avr/11.1.0/../../../../avr/lib/avr5/libm.a(mulsf3x.o)
 .bss           0x00000000008004a4        0x0 /home/prapor/AVR/avr-gcc-11.1.0-x64-linux/bin/../lib/gcc/avr/11.1.0/../../../../avr/lib/avr5/libm.a(fp_inf.o)
 .bss           0x00000000008004a4        0x0 /home/prapor/AVR/avr-gcc-11.1.0-x64-linux/bin/../lib/gcc/avr/11.1.0/../../../../avr/lib/avr5/libm.a(fp_nan.o)
 .bss           0x00000000008004a4        0x0 /home/prapor/AVR/avr-gcc-11.1.0-x64-linux/bin/../lib/gcc/avr/11.1.0/../../../../avr/lib/avr5/libm.a(fp_pscA.o)
 .bss           0x00000000008004a4        0x0 /home/prapor/AVR/avr-gcc-11.1.0-x64-linux/bin/../lib/gcc/avr/11.1.0/../../../../avr/lib/avr5/libm.a(fp_pscB.o)
 .bss           0x00000000008004a4        0x0 /home/prapor/AVR/avr-gcc-11.1.0-x64-linux/bin/../lib/gcc/avr/11.1.0/../../../../avr/lib/avr5/libm.a(fp_round.o)
 .bss           0x00000000008004a4        0x4 /home/prapor/AVR/avr-gcc-11.1.0-x64-linux/bin/../lib/gcc/avr/11.1.0/../../../../avr/lib/avr5/libc.a(malloc.o)
                0x00000000008004a4                __flp
                0x00000000008004a6                __brkval
 .bss           0x00000000008004a8        0x0 /home/prapor/AVR/avr-gcc-11.1.0-x64-linux/bin/../lib/gcc/avr/11.1.0/../../../../avr/lib/avr5/libc.a(strtoul.o)
 .bss           0x00000000008004a8        0x0 /home/prapor/AVR/avr-gcc-11.1.0-x64-linux/bin/../lib/gcc/avr/11.1.0/../../../../avr/lib/avr5/libc.a(atoi.o)
 .bss           0x00000000008004a8        0x0 /home/prapor/AVR/avr-gcc-11.1.0-x64-linux/bin/../lib/gcc/avr/11.1.0/../../../../avr/lib/avr5/libc.a(isspace.o)
 .bss           0x00000000008004a8        0x0 /home/prapor/AVR/avr-gcc-11.1.0-x64-linux/bin/../lib/gcc/avr/11.1.0/../../../../avr/lib/avr5/libc.a(memcmp_P.o)
 .bss           0x00000000008004a8        0x0 /home/prapor/AVR/avr-gcc-11.1.0-x64-linux/bin/../lib/gcc/avr/11.1.0/../../../../avr/lib/avr5/libc.a(strstr_P.o)
 .bss           0x00000000008004a8        0x2 /home/prapor/AVR/avr-gcc-11.1.0-x64-linux/bin/../lib/gcc/avr/11.1.0/../../../../avr/lib/avr5/libc.a(strtok.o)
 .bss           0x00000000008004aa        0x0 /home/prapor/AVR/avr-gcc-11.1.0-x64-linux/bin/../lib/gcc/avr/11.1.0/../../../../avr/lib/avr5/libc.a(memcmp.o)
 .bss           0x00000000008004aa        0x0 /home/prapor/AVR/avr-gcc-11.1.0-x64-linux/bin/../lib/gcc/avr/11.1.0/../../../../avr/lib/avr5/libc.a(memmove.o)
 .bss           0x00000000008004aa        0x0 /home/prapor/AVR/avr-gcc-11.1.0-x64-linux/bin/../lib/gcc/avr/11.1.0/../../../../avr/lib/avr5/libc.a(memset.o)
 .bss           0x00000000008004aa        0x0 /home/prapor/AVR/avr-gcc-11.1.0-x64-linux/bin/../lib/gcc/avr/11.1.0/../../../../avr/lib/avr5/libc.a(strchr.o)
 .bss           0x00000000008004aa        0x0 /home/prapor/AVR/avr-gcc-11.1.0-x64-linux/bin/../lib/gcc/avr/11.1.0/../../../../avr/lib/avr5/libc.a(strstr.o)
 .bss           0x00000000008004aa        0x0 /home/prapor/AVR/avr-gcc-11.1.0-x64-linux/bin/../lib/gcc/avr/11.1.0/../../../../avr/lib/avr5/libc.a(strtok_r.o)
 .bss           0x00000000008004aa        0x0 /home/prapor/AVR/avr-gcc-11.1.0-x64-linux/bin/../lib/gcc/avr/11.1.0/../../../../avr/lib/avr5/libc.a(itoa_ncheck.o)
 .bss           0x00000000008004aa        0x0 /home/prapor/AVR/avr-gcc-11.1.0-x64-linux/bin/../lib/gcc/avr/11.1.0/../../../../avr/lib/avr5/libc.a(mul10.o)
 .bss           0x00000000008004aa        0x0 /home/prapor/AVR/avr-gcc-11.1.0-x64-linux/bin/../lib/gcc/avr/11.1.0/../../../../avr/lib/avr5/libc.a(utoa_ncheck.o)
 .bss           0x00000000008004aa        0x0 /home/prapor/AVR/avr-gcc-11.1.0-x64-linux/bin/../lib/gcc/avr/11.1.0/../../../../avr/lib/avr5/libc.a(sprintf.o)
 .bss           0x00000000008004aa        0x0 /home/prapor/AVR/avr-gcc-11.1.0-x64-linux/bin/../lib/gcc/avr/11.1.0/../../../../avr/lib/avr5/libc.a(sprintf_p.o)
 .bss           0x00000000008004aa        0x0 /home/prapor/AVR/avr-gcc-11.1.0-x64-linux/bin/../lib/gcc/avr/11.1.0/../../../../avr/lib/avr5/libc.a(vfprintf_std.o)
 .bss           0x00000000008004aa        0x2 /home/prapor/AVR/avr-gcc-11.1.0-x64-linux/bin/../lib/gcc/avr/11.1.0/../../../../avr/lib/avr5/libc.a(errno.o)
                0x00000000008004aa                errno
 .bss           0x00000000008004ac        0x0 /home/prapor/AVR/avr-gcc-11.1.0-x64-linux/bin/../lib/gcc/avr/11.1.0/../../../../avr/lib/avr5/libc.a(cty_isfalse.o)
 .bss           0x00000000008004ac        0x0 /home/prapor/AVR/avr-gcc-11.1.0-x64-linux/bin/../lib/gcc/avr/11.1.0/../../../../avr/lib/avr5/libc.a(strnlen_P.o)
 .bss           0x00000000008004ac        0x0 /home/prapor/AVR/avr-gcc-11.1.0-x64-linux/bin/../lib/gcc/avr/11.1.0/../../../../avr/lib/avr5/libc.a(memcpy.o)
 .bss           0x00000000008004ac        0x0 /home/prapor/AVR/avr-gcc-11.1.0-x64-linux/bin/../lib/gcc/avr/11.1.0/../../../../avr/lib/avr5/libc.a(strnlen.o)
 .bss           0x00000000008004ac        0x0 /home/prapor/AVR/avr-gcc-11.1.0-x64-linux/bin/../lib/gcc/avr/11.1.0/../../../../avr/lib/avr5/libc.a(strrev.o)
 .bss           0x00000000008004ac        0x0 /home/prapor/AVR/avr-gcc-11.1.0-x64-linux/bin/../lib/gcc/avr/11.1.0/../../../../avr/lib/avr5/libc.a(fputc.o)
 .bss           0x00000000008004ac        0x0 /home/prapor/AVR/avr-gcc-11.1.0-x64-linux/bin/../lib/gcc/avr/11.1.0/../../../../avr/lib/avr5/libc.a(ultoa_invert.o)
 .bss           0x00000000008004ac        0x0 /home/prapor/AVR/avr-gcc-11.1.0-x64-linux/bin/../lib/gcc/avr/11.1.0/../../../../avr/lib/avr5/libatmega328p.a(eerd_block.o)
 .bss           0x00000000008004ac        0x0 /home/prapor/AVR/avr-gcc-11.1.0-x64-linux/bin/../lib/gcc/avr/11.1.0/../../../../avr/lib/avr5/libatmega328p.a(eeupd_block.o)
 .bss           0x00000000008004ac        0x0 /home/prapor/AVR/avr-gcc-11.1.0-x64-linux/bin/../lib/gcc/avr/11.1.0/../../../../avr/lib/avr5/libatmega328p.a(eeupd_byte.o)
 .bss           0x00000000008004ac        0x0 /home/prapor/AVR/avr-gcc-11.1.0-x64-linux/bin/../lib/gcc/avr/11.1.0/../../../../avr/lib/avr5/libatmega328p.a(eewr_block.o)
 .bss           0x00000000008004ac        0x0 /home/prapor/AVR/avr-gcc-11.1.0-x64-linux/bin/../lib/gcc/avr/11.1.0/../../../../avr/lib/avr5/libatmega328p.a(eewr_byte.o)
 .bss           0x00000000008004ac        0x0 /home/prapor/AVR/avr-gcc-11.1.0-x64-linux/bin/../lib/gcc/avr/11.1.0/avr5/libgcc.a(_mulsi3.o)
 .bss           0x00000000008004ac        0x0 /home/prapor/AVR/avr-gcc-11.1.0-x64-linux/bin/../lib/gcc/avr/11.1.0/avr5/libgcc.a(_muluhisi3.o)
 .bss           0x00000000008004ac        0x0 /home/prapor/AVR/avr-gcc-11.1.0-x64-linux/bin/../lib/gcc/avr/11.1.0/avr5/libgcc.a(_prologue.o)
 .bss           0x00000000008004ac        0x0 /home/prapor/AVR/avr-gcc-11.1.0-x64-linux/bin/../lib/gcc/avr/11.1.0/avr5/libgcc.a(_epilogue.o)
 .bss           0x00000000008004ac        0x0 /home/prapor/AVR/avr-gcc-11.1.0-x64-linux/bin/../lib/gcc/avr/11.1.0/avr5/libgcc.a(_umulhisi3.o)
 *(.bss*)
 *(COMMON)
                0x00000000008004ac                PROVIDE (__bss_end = .)
                0x0000000000005ce0                __data_load_start = LOADADDR (.data)
                0x0000000000005dc8                __data_load_end = (__data_load_start + SIZEOF (.data))

.noinit         0x00000000008004ac        0x0
                [!provide]                        PROVIDE (__noinit_start = .)
 *(.noinit .noinit.* .gnu.linkonce.n.*)
                [!provide]                        PROVIDE (__noinit_end = .)
                0x00000000008004ac                _end = .
                0x00000000008004ac                PROVIDE (__heap_start = .)

.eeprom         0x0000000000810000        0x0
 *(.eeprom*)
                0x0000000000810000                __eeprom_end = .

.fuse
 *(.fuse)
 *(.lfuse)
 *(.hfuse)
 *(.efuse)

.lock
 *(.lock*)

.signature
 *(.signature*)

.stab
 *(.stab)

.stabstr
 *(.stabstr)

.stab.excl
 *(.stab.excl)

.stab.exclstr
 *(.stab.exclstr)

.stab.index
 *(.stab.index)

.stab.indexstr
 *(.stab.indexstr)

.comment        0x0000000000000000       0x12
 *(.comment)
 .comment       0x0000000000000000       0x12 obj/Release/18b20.o
                                         0x13 (size before relaxing)
 .comment       0x0000000000000012       0x13 obj/Release/app.o
 .comment       0x0000000000000012       0x13 obj/Release/ds18b20.o
 .comment       0x0000000000000012       0x13 obj/Release/eeprom.o
 .comment       0x0000000000000012       0x13 obj/Release/GSM.o
 .comment       0x0000000000000012       0x13 obj/Release/main.o
 .comment       0x0000000000000012       0x13 obj/Release/port.o
 .comment       0x0000000000000012       0x13 obj/Release/sms_parse.o
 .comment       0x0000000000000012       0x13 obj/Release/softuart.o
 .comment       0x0000000000000012       0x13 obj/Release/timer.o
 .comment       0x0000000000000012       0x13 obj/Release/UART.o
 .comment       0x0000000000000012       0x13 /home/prapor/AVR/avr-gcc-11.1.0-x64-linux/bin/../lib/gcc/avr/11.1.0/../../../../avr/lib/avr5/libc.a(malloc.o)
 .comment       0x0000000000000012       0x13 /home/prapor/AVR/avr-gcc-11.1.0-x64-linux/bin/../lib/gcc/avr/11.1.0/../../../../avr/lib/avr5/libc.a(strtoul.o)
 .comment       0x0000000000000012       0x13 /home/prapor/AVR/avr-gcc-11.1.0-x64-linux/bin/../lib/gcc/avr/11.1.0/../../../../avr/lib/avr5/libc.a(strtok.o)
 .comment       0x0000000000000012       0x13 /home/prapor/AVR/avr-gcc-11.1.0-x64-linux/bin/../lib/gcc/avr/11.1.0/../../../../avr/lib/avr5/libc.a(sprintf.o)
 .comment       0x0000000000000012       0x13 /home/prapor/AVR/avr-gcc-11.1.0-x64-linux/bin/../lib/gcc/avr/11.1.0/../../../../avr/lib/avr5/libc.a(sprintf_p.o)
 .comment       0x0000000000000012       0x13 /home/prapor/AVR/avr-gcc-11.1.0-x64-linux/bin/../lib/gcc/avr/11.1.0/../../../../avr/lib/avr5/libc.a(vfprintf_std.o)
 .comment       0x0000000000000012       0x13 /home/prapor/AVR/avr-gcc-11.1.0-x64-linux/bin/../lib/gcc/avr/11.1.0/../../../../avr/lib/avr5/libc.a(errno.o)
 .comment       0x0000000000000012       0x13 /home/prapor/AVR/avr-gcc-11.1.0-x64-linux/bin/../lib/gcc/avr/11.1.0/../../../../avr/lib/avr5/libc.a(fputc.o)

.note.gnu.avr.deviceinfo
                0x0000000000000000       0x40
 .note.gnu.avr.deviceinfo
                0x0000000000000000       0x40 /home/prapor/AVR/avr-gcc-11.1.0-x64-linux/bin/../lib/gcc/avr/11.1.0/../../../../avr/lib/avr5/crtatmega328p.o

.note.gnu.build-id
 *(.note.gnu.build-id)

.debug
 *(.debug)

.line
 *(.line)

.debug_srcinfo
 *(.debug_srcinfo)

.debug_sfnames
 *(.debug_sfnames)

.debug_aranges  0x0000000000000000      0x1c0
 *(.debug_aranges)
 .debug_aranges
                0x0000000000000000       0x20 /home/prapor/AVR/avr-gcc-11.1.0-x64-linux/bin/../lib/gcc/avr/11.1.0/avr5/libgcc.a(_udivmodhi4.o)
 .debug_aranges
                0x0000000000000020       0x20 /home/prapor/AVR/avr-gcc-11.1.0-x64-linux/bin/../lib/gcc/avr/11.1.0/avr5/libgcc.a(_divmodhi4.o)
 .debug_aranges
                0x0000000000000040       0x20 /home/prapor/AVR/avr-gcc-11.1.0-x64-linux/bin/../lib/gcc/avr/11.1.0/avr5/libgcc.a(_udivmodsi4.o)
 .debug_aranges
                0x0000000000000060       0x20 /home/prapor/AVR/avr-gcc-11.1.0-x64-linux/bin/../lib/gcc/avr/11.1.0/avr5/libgcc.a(_divmodsi4.o)
 .debug_aranges
                0x0000000000000080       0x20 /home/prapor/AVR/avr-gcc-11.1.0-x64-linux/bin/../lib/gcc/avr/11.1.0/avr5/libgcc.a(_negsi2.o)
 .debug_aranges
                0x00000000000000a0       0x20 /home/prapor/AVR/avr-gcc-11.1.0-x64-linux/bin/../lib/gcc/avr/11.1.0/avr5/libgcc.a(_exit.o)
 .debug_aranges
                0x00000000000000c0       0x20 /home/prapor/AVR/avr-gcc-11.1.0-x64-linux/bin/../lib/gcc/avr/11.1.0/avr5/libgcc.a(_tablejump2.o)
 .debug_aranges
                0x00000000000000e0       0x20 /home/prapor/AVR/avr-gcc-11.1.0-x64-linux/bin/../lib/gcc/avr/11.1.0/avr5/libgcc.a(_copy_data.o)
 .debug_aranges
                0x0000000000000100       0x20 /home/prapor/AVR/avr-gcc-11.1.0-x64-linux/bin/../lib/gcc/avr/11.1.0/avr5/libgcc.a(_clear_bss.o)
 .debug_aranges
                0x0000000000000120       0x20 /home/prapor/AVR/avr-gcc-11.1.0-x64-linux/bin/../lib/gcc/avr/11.1.0/avr5/libgcc.a(_mulsi3.o)
 .debug_aranges
                0x0000000000000140       0x20 /home/prapor/AVR/avr-gcc-11.1.0-x64-linux/bin/../lib/gcc/avr/11.1.0/avr5/libgcc.a(_muluhisi3.o)
 .debug_aranges
                0x0000000000000160       0x20 /home/prapor/AVR/avr-gcc-11.1.0-x64-linux/bin/../lib/gcc/avr/11.1.0/avr5/libgcc.a(_prologue.o)
 .debug_aranges
                0x0000000000000180       0x20 /home/prapor/AVR/avr-gcc-11.1.0-x64-linux/bin/../lib/gcc/avr/11.1.0/avr5/libgcc.a(_epilogue.o)
 .debug_aranges
                0x00000000000001a0       0x20 /home/prapor/AVR/avr-gcc-11.1.0-x64-linux/bin/../lib/gcc/avr/11.1.0/avr5/libgcc.a(_umulhisi3.o)

.debug_pubnames
 *(.debug_pubnames)

.debug_info     0x0000000000000000      0x7ec
 *(.debug_info .gnu.linkonce.wi.*)
 .debug_info    0x0000000000000000      0x5f4 /home/prapor/AVR/avr-gcc-11.1.0-x64-linux/bin/../lib/gcc/avr/11.1.0/../../../../avr/lib/avr5/crtatmega328p.o
 .debug_info    0x00000000000005f4       0x24 /home/prapor/AVR/avr-gcc-11.1.0-x64-linux/bin/../lib/gcc/avr/11.1.0/avr5/libgcc.a(_udivmodhi4.o)
 .debug_info    0x0000000000000618       0x24 /home/prapor/AVR/avr-gcc-11.1.0-x64-linux/bin/../lib/gcc/avr/11.1.0/avr5/libgcc.a(_divmodhi4.o)
 .debug_info    0x000000000000063c       0x24 /home/prapor/AVR/avr-gcc-11.1.0-x64-linux/bin/../lib/gcc/avr/11.1.0/avr5/libgcc.a(_udivmodsi4.o)
 .debug_info    0x0000000000000660       0x24 /home/prapor/AVR/avr-gcc-11.1.0-x64-linux/bin/../lib/gcc/avr/11.1.0/avr5/libgcc.a(_divmodsi4.o)
 .debug_info    0x0000000000000684       0x24 /home/prapor/AVR/avr-gcc-11.1.0-x64-linux/bin/../lib/gcc/avr/11.1.0/avr5/libgcc.a(_negsi2.o)
 .debug_info    0x00000000000006a8       0x24 /home/prapor/AVR/avr-gcc-11.1.0-x64-linux/bin/../lib/gcc/avr/11.1.0/avr5/libgcc.a(_exit.o)
 .debug_info    0x00000000000006cc       0x24 /home/prapor/AVR/avr-gcc-11.1.0-x64-linux/bin/../lib/gcc/avr/11.1.0/avr5/libgcc.a(_tablejump2.o)
 .debug_info    0x00000000000006f0       0x24 /home/prapor/AVR/avr-gcc-11.1.0-x64-linux/bin/../lib/gcc/avr/11.1.0/avr5/libgcc.a(_copy_data.o)
 .debug_info    0x0000000000000714       0x24 /home/prapor/AVR/avr-gcc-11.1.0-x64-linux/bin/../lib/gcc/avr/11.1.0/avr5/libgcc.a(_clear_bss.o)
 .debug_info    0x0000000000000738       0x24 /home/prapor/AVR/avr-gcc-11.1.0-x64-linux/bin/../lib/gcc/avr/11.1.0/avr5/libgcc.a(_mulsi3.o)
 .debug_info    0x000000000000075c       0x24 /home/prapor/AVR/avr-gcc-11.1.0-x64-linux/bin/../lib/gcc/avr/11.1.0/avr5/libgcc.a(_muluhisi3.o)
 .debug_info    0x0000000000000780       0x24 /home/prapor/AVR/avr-gcc-11.1.0-x64-linux/bin/../lib/gcc/avr/11.1.0/avr5/libgcc.a(_prologue.o)
 .debug_info    0x00000000000007a4       0x24 /home/prapor/AVR/avr-gcc-11.1.0-x64-linux/bin/../lib/gcc/avr/11.1.0/avr5/libgcc.a(_epilogue.o)
 .debug_info    0x00000000000007c8       0x24 /home/prapor/AVR/avr-gcc-11.1.0-x64-linux/bin/../lib/gcc/avr/11.1.0/avr5/libgcc.a(_umulhisi3.o)

.debug_abbrev   0x0000000000000000      0x6ba
 *(.debug_abbrev)
 .debug_abbrev  0x0000000000000000      0x5a2 /home/prapor/AVR/avr-gcc-11.1.0-x64-linux/bin/../lib/gcc/avr/11.1.0/../../../../avr/lib/avr5/crtatmega328p.o
 .debug_abbrev  0x00000000000005a2       0x14 /home/prapor/AVR/avr-gcc-11.1.0-x64-linux/bin/../lib/gcc/avr/11.1.0/avr5/libgcc.a(_udivmodhi4.o)
 .debug_abbrev  0x00000000000005b6       0x14 /home/prapor/AVR/avr-gcc-11.1.0-x64-linux/bin/../lib/gcc/avr/11.1.0/avr5/libgcc.a(_divmodhi4.o)
 .debug_abbrev  0x00000000000005ca       0x14 /home/prapor/AVR/avr-gcc-11.1.0-x64-linux/bin/../lib/gcc/avr/11.1.0/avr5/libgcc.a(_udivmodsi4.o)
 .debug_abbrev  0x00000000000005de       0x14 /home/prapor/AVR/avr-gcc-11.1.0-x64-linux/bin/../lib/gcc/avr/11.1.0/avr5/libgcc.a(_divmodsi4.o)
 .debug_abbrev  0x00000000000005f2       0x14 /home/prapor/AVR/avr-gcc-11.1.0-x64-linux/bin/../lib/gcc/avr/11.1.0/avr5/libgcc.a(_negsi2.o)
 .debug_abbrev  0x0000000000000606       0x14 /home/prapor/AVR/avr-gcc-11.1.0-x64-linux/bin/../lib/gcc/avr/11.1.0/avr5/libgcc.a(_exit.o)
 .debug_abbrev  0x000000000000061a       0x14 /home/prapor/AVR/avr-gcc-11.1.0-x64-linux/bin/../lib/gcc/avr/11.1.0/avr5/libgcc.a(_tablejump2.o)
 .debug_abbrev  0x000000000000062e       0x14 /home/prapor/AVR/avr-gcc-11.1.0-x64-linux/bin/../lib/gcc/avr/11.1.0/avr5/libgcc.a(_copy_data.o)
 .debug_abbrev  0x0000000000000642       0x14 /home/prapor/AVR/avr-gcc-11.1.0-x64-linux/bin/../lib/gcc/avr/11.1.0/avr5/libgcc.a(_clear_bss.o)
 .debug_abbrev  0x0000000000000656       0x14 /home/prapor/AVR/avr-gcc-11.1.0-x64-linux/bin/../lib/gcc/avr/11.1.0/avr5/libgcc.a(_mulsi3.o)
 .debug_abbrev  0x000000000000066a       0x14 /home/prapor/AVR/avr-gcc-11.1.0-x64-linux/bin/../lib/gcc/avr/11.1.0/avr5/libgcc.a(_muluhisi3.o)
 .debug_abbrev  0x000000000000067e       0x14 /home/prapor/AVR/avr-gcc-11.1.0-x64-linux/bin/../lib/gcc/avr/11.1.0/avr5/libgcc.a(_prologue.o)
 .debug_abbrev  0x0000000000000692       0x14 /home/prapor/AVR/avr-gcc-11.1.0-x64-linux/bin/../lib/gcc/avr/11.1.0/avr5/libgcc.a(_epilogue.o)
 .debug_abbrev  0x00000000000006a6       0x14 /home/prapor/AVR/avr-gcc-11.1.0-x64-linux/bin/../lib/gcc/avr/11.1.0/avr5/libgcc.a(_umulhisi3.o)

.debug_line     0x0000000000000000      0x8f9
 *(.debug_line .debug_line.* .debug_line_end)
 .debug_line    0x0000000000000000       0x1d /home/prapor/AVR/avr-gcc-11.1.0-x64-linux/bin/../lib/gcc/avr/11.1.0/../../../../avr/lib/avr5/crtatmega328p.o
 .debug_line    0x000000000000001d       0xbd /home/prapor/AVR/avr-gcc-11.1.0-x64-linux/bin/../lib/gcc/avr/11.1.0/avr5/libgcc.a(_udivmodhi4.o)
 .debug_line    0x00000000000000da       0xb7 /home/prapor/AVR/avr-gcc-11.1.0-x64-linux/bin/../lib/gcc/avr/11.1.0/avr5/libgcc.a(_divmodhi4.o)
 .debug_line    0x0000000000000191      0x111 /home/prapor/AVR/avr-gcc-11.1.0-x64-linux/bin/../lib/gcc/avr/11.1.0/avr5/libgcc.a(_udivmodsi4.o)
 .debug_line    0x00000000000002a2       0xbd /home/prapor/AVR/avr-gcc-11.1.0-x64-linux/bin/../lib/gcc/avr/11.1.0/avr5/libgcc.a(_divmodsi4.o)
 .debug_line    0x000000000000035f       0x51 /home/prapor/AVR/avr-gcc-11.1.0-x64-linux/bin/../lib/gcc/avr/11.1.0/avr5/libgcc.a(_negsi2.o)
 .debug_line    0x00000000000003b0       0x51 /home/prapor/AVR/avr-gcc-11.1.0-x64-linux/bin/../lib/gcc/avr/11.1.0/avr5/libgcc.a(_exit.o)
 .debug_line    0x0000000000000401       0x69 /home/prapor/AVR/avr-gcc-11.1.0-x64-linux/bin/../lib/gcc/avr/11.1.0/avr5/libgcc.a(_tablejump2.o)
 .debug_line    0x000000000000046a       0x87 /home/prapor/AVR/avr-gcc-11.1.0-x64-linux/bin/../lib/gcc/avr/11.1.0/avr5/libgcc.a(_copy_data.o)
 .debug_line    0x00000000000004f1       0x75 /home/prapor/AVR/avr-gcc-11.1.0-x64-linux/bin/../lib/gcc/avr/11.1.0/avr5/libgcc.a(_clear_bss.o)
 .debug_line    0x0000000000000566       0x9f /home/prapor/AVR/avr-gcc-11.1.0-x64-linux/bin/../lib/gcc/avr/11.1.0/avr5/libgcc.a(_mulsi3.o)
 .debug_line    0x0000000000000605       0x81 /home/prapor/AVR/avr-gcc-11.1.0-x64-linux/bin/../lib/gcc/avr/11.1.0/avr5/libgcc.a(_muluhisi3.o)
 .debug_line    0x0000000000000686       0xed /home/prapor/AVR/avr-gcc-11.1.0-x64-linux/bin/../lib/gcc/avr/11.1.0/avr5/libgcc.a(_prologue.o)
 .debug_line    0x0000000000000773       0xe7 /home/prapor/AVR/avr-gcc-11.1.0-x64-linux/bin/../lib/gcc/avr/11.1.0/avr5/libgcc.a(_epilogue.o)
 .debug_line    0x000000000000085a       0x9f /home/prapor/AVR/avr-gcc-11.1.0-x64-linux/bin/../lib/gcc/avr/11.1.0/avr5/libgcc.a(_umulhisi3.o)

.debug_frame
 *(.debug_frame)

.debug_str      0x0000000000000000      0x24e
 *(.debug_str)
 .debug_str     0x0000000000000000      0x20b /home/prapor/AVR/avr-gcc-11.1.0-x64-linux/bin/../lib/gcc/avr/11.1.0/../../../../avr/lib/avr5/crtatmega328p.o
 .debug_str     0x000000000000020b       0x43 /home/prapor/AVR/avr-gcc-11.1.0-x64-linux/bin/../lib/gcc/avr/11.1.0/avr5/libgcc.a(_udivmodhi4.o)
 .debug_str     0x000000000000024e       0x43 /home/prapor/AVR/avr-gcc-11.1.0-x64-linux/bin/../lib/gcc/avr/11.1.0/avr5/libgcc.a(_divmodhi4.o)
 .debug_str     0x000000000000024e       0x43 /home/prapor/AVR/avr-gcc-11.1.0-x64-linux/bin/../lib/gcc/avr/11.1.0/avr5/libgcc.a(_udivmodsi4.o)
 .debug_str     0x000000000000024e       0x43 /home/prapor/AVR/avr-gcc-11.1.0-x64-linux/bin/../lib/gcc/avr/11.1.0/avr5/libgcc.a(_divmodsi4.o)
 .debug_str     0x000000000000024e       0x43 /home/prapor/AVR/avr-gcc-11.1.0-x64-linux/bin/../lib/gcc/avr/11.1.0/avr5/libgcc.a(_negsi2.o)
 .debug_str     0x000000000000024e       0x43 /home/prapor/AVR/avr-gcc-11.1.0-x64-linux/bin/../lib/gcc/avr/11.1.0/avr5/libgcc.a(_exit.o)
 .debug_str     0x000000000000024e       0x43 /home/prapor/AVR/avr-gcc-11.1.0-x64-linux/bin/../lib/gcc/avr/11.1.0/avr5/libgcc.a(_tablejump2.o)
 .debug_str     0x000000000000024e       0x43 /home/prapor/AVR/avr-gcc-11.1.0-x64-linux/bin/../lib/gcc/avr/11.1.0/avr5/libgcc.a(_copy_data.o)
 .debug_str     0x000000000000024e       0x43 /home/prapor/AVR/avr-gcc-11.1.0-x64-linux/bin/../lib/gcc/avr/11.1.0/avr5/libgcc.a(_clear_bss.o)
 .debug_str     0x000000000000024e       0x43 /home/prapor/AVR/avr-gcc-11.1.0-x64-linux/bin/../lib/gcc/avr/11.1.0/avr5/libgcc.a(_mulsi3.o)
 .debug_str     0x000000000000024e       0x43 /home/prapor/AVR/avr-gcc-11.1.0-x64-linux/bin/../lib/gcc/avr/11.1.0/avr5/libgcc.a(_muluhisi3.o)
 .debug_str     0x000000000000024e       0x43 /home/prapor/AVR/avr-gcc-11.1.0-x64-linux/bin/../lib/gcc/avr/11.1.0/avr5/libgcc.a(_prologue.o)
 .debug_str     0x000000000000024e       0x43 /home/prapor/AVR/avr-gcc-11.1.0-x64-linux/bin/../lib/gcc/avr/11.1.0/avr5/libgcc.a(_epilogue.o)
 .debug_str     0x000000000000024e       0x43 /home/prapor/AVR/avr-gcc-11.1.0-x64-linux/bin/../lib/gcc/avr/11.1.0/avr5/libgcc.a(_umulhisi3.o)

.debug_loc
 *(.debug_loc)

.debug_macinfo
 *(.debug_macinfo)

.debug_weaknames
 *(.debug_weaknames)

.debug_funcnames
 *(.debug_funcnames)

.debug_typenames
 *(.debug_typenames)

.debug_varnames
 *(.debug_varnames)

.debug_pubtypes
 *(.debug_pubtypes)

.debug_ranges
 *(.debug_ranges)

.debug_addr
 *(.debug_addr)

.debug_line_str
                0x0000000000000000       0x2a
 *(.debug_line_str)
 .debug_line_str
                0x0000000000000000       0x2a /home/prapor/AVR/avr-gcc-11.1.0-x64-linux/bin/../lib/gcc/avr/11.1.0/avr5/libgcc.a(_udivmodhi4.o)
                                         0x54 (size before relaxing)
 .debug_line_str
                0x000000000000002a       0x54 /home/prapor/AVR/avr-gcc-11.1.0-x64-linux/bin/../lib/gcc/avr/11.1.0/avr5/libgcc.a(_divmodhi4.o)
 .debug_line_str
                0x000000000000002a       0x54 /home/prapor/AVR/avr-gcc-11.1.0-x64-linux/bin/../lib/gcc/avr/11.1.0/avr5/libgcc.a(_udivmodsi4.o)
 .debug_line_str
                0x000000000000002a       0x54 /home/prapor/AVR/avr-gcc-11.1.0-x64-linux/bin/../lib/gcc/avr/11.1.0/avr5/libgcc.a(_divmodsi4.o)
 .debug_line_str
                0x000000000000002a       0x54 /home/prapor/AVR/avr-gcc-11.1.0-x64-linux/bin/../lib/gcc/avr/11.1.0/avr5/libgcc.a(_negsi2.o)
 .debug_line_str
                0x000000000000002a       0x54 /home/prapor/AVR/avr-gcc-11.1.0-x64-linux/bin/../lib/gcc/avr/11.1.0/avr5/libgcc.a(_exit.o)
 .debug_line_str
                0x000000000000002a       0x54 /home/prapor/AVR/avr-gcc-11.1.0-x64-linux/bin/../lib/gcc/avr/11.1.0/avr5/libgcc.a(_tablejump2.o)
 .debug_line_str
                0x000000000000002a       0x54 /home/prapor/AVR/avr-gcc-11.1.0-x64-linux/bin/../lib/gcc/avr/11.1.0/avr5/libgcc.a(_copy_data.o)
 .debug_line_str
                0x000000000000002a       0x54 /home/prapor/AVR/avr-gcc-11.1.0-x64-linux/bin/../lib/gcc/avr/11.1.0/avr5/libgcc.a(_clear_bss.o)
 .debug_line_str
                0x000000000000002a       0x54 /home/prapor/AVR/avr-gcc-11.1.0-x64-linux/bin/../lib/gcc/avr/11.1.0/avr5/libgcc.a(_mulsi3.o)
 .debug_line_str
                0x000000000000002a       0x54 /home/prapor/AVR/avr-gcc-11.1.0-x64-linux/bin/../lib/gcc/avr/11.1.0/avr5/libgcc.a(_muluhisi3.o)
 .debug_line_str
                0x000000000000002a       0x54 /home/prapor/AVR/avr-gcc-11.1.0-x64-linux/bin/../lib/gcc/avr/11.1.0/avr5/libgcc.a(_prologue.o)
 .debug_line_str
                0x000000000000002a       0x54 /home/prapor/AVR/avr-gcc-11.1.0-x64-linux/bin/../lib/gcc/avr/11.1.0/avr5/libgcc.a(_epilogue.o)
 .debug_line_str
                0x000000000000002a       0x54 /home/prapor/AVR/avr-gcc-11.1.0-x64-linux/bin/../lib/gcc/avr/11.1.0/avr5/libgcc.a(_umulhisi3.o)

.debug_loclists
 *(.debug_loclists)

.debug_macro
 *(.debug_macro)

.debug_names
 *(.debug_names)

.debug_rnglists
 *(.debug_rnglists)

.debug_str_offsets
 *(.debug_str_offsets)

.debug_sup
 *(.debug_sup)
OUTPUT(bin/Release/analog_test.elf elf32-avr)
LOAD linker stubs

Cross Reference Table

Symbol                                            File
EEPROM_read                                       obj/Release/eeprom.o
EEPROM_read_buf                                   obj/Release/eeprom.o
EEPROM_update                                     obj/Release/eeprom.o
                                                  obj/Release/sms_parse.o
                                                  obj/Release/port.o
                                                  obj/Release/GSM.o
                                                  obj/Release/app.o
EEPROM_write                                      obj/Release/eeprom.o
EEPROM_write_buf                                  obj/Release/eeprom.o
__FUSE_REGION_LENGTH__                            /home/prapor/AVR/avr-gcc-11.1.0-x64-linux/bin/../lib/gcc/avr/11.1.0/../../../../avr/lib/avr5/crtatmega328p.o
__bad_interrupt                                   /home/prapor/AVR/avr-gcc-11.1.0-x64-linux/bin/../lib/gcc/avr/11.1.0/../../../../avr/lib/avr5/crtatmega328p.o
__brkval                                          /home/prapor/AVR/avr-gcc-11.1.0-x64-linux/bin/../lib/gcc/avr/11.1.0/../../../../avr/lib/avr5/libc.a(malloc.o)
                                                  obj/Release/app.o
__bss_end                                         /home/prapor/AVR/avr-gcc-11.1.0-x64-linux/bin/../lib/gcc/avr/11.1.0/avr5/libgcc.a(_clear_bss.o)
__bss_start                                       /home/prapor/AVR/avr-gcc-11.1.0-x64-linux/bin/../lib/gcc/avr/11.1.0/avr5/libgcc.a(_clear_bss.o)
__ctype_isfalse                                   /home/prapor/AVR/avr-gcc-11.1.0-x64-linux/bin/../lib/gcc/avr/11.1.0/../../../../avr/lib/avr5/libc.a(cty_isfalse.o)